Component: ARM Compiler 5.06 update 6 (build 750) Tool: armlink [4d35ed]

==============================================================================

Section Cross References

    startup_stm32f103xb.o(STACK) refers (Special) to heapauxi.o(.text) for __use_two_region_memory
    startup_stm32f103xb.o(HEAP) refers (Special) to heapauxi.o(.text) for __use_two_region_memory
    startup_stm32f103xb.o(RESET) refers (Special) to heapauxi.o(.text) for __use_two_region_memory
    startup_stm32f103xb.o(RESET) refers to startup_stm32f103xb.o(STACK) for __initial_sp
    startup_stm32f103xb.o(RESET) refers to startup_stm32f103xb.o(.text) for Reset_Handler
    startup_stm32f103xb.o(RESET) refers to stm32f1xx_it.o(i.NMI_Handler) for NMI_Handler
    startup_stm32f103xb.o(RESET) refers to stm32f1xx_it.o(i.HardFault_Handler) for HardFault_Handler
    startup_stm32f103xb.o(RESET) refers to stm32f1xx_it.o(i.MemManage_Handler) for MemManage_Handler
    startup_stm32f103xb.o(RESET) refers to stm32f1xx_it.o(i.BusFault_Handler) for BusFault_Handler
    startup_stm32f103xb.o(RESET) refers to stm32f1xx_it.o(i.UsageFault_Handler) for UsageFault_Handler
    startup_stm32f103xb.o(RESET) refers to stm32f1xx_it.o(i.SVC_Handler) for SVC_Handler
    startup_stm32f103xb.o(RESET) refers to stm32f1xx_it.o(i.DebugMon_Handler) for DebugMon_Handler
    startup_stm32f103xb.o(RESET) refers to stm32f1xx_it.o(i.PendSV_Handler) for PendSV_Handler
    startup_stm32f103xb.o(RESET) refers to stm32f1xx_it.o(i.SysTick_Handler) for SysTick_Handler
    startup_stm32f103xb.o(RESET) refers to stm32f1xx_it.o(i.TIM2_IRQHandler) for TIM2_IRQHandler
    startup_stm32f103xb.o(RESET) refers to stm32f1xx_it.o(i.TIM3_IRQHandler) for TIM3_IRQHandler
    startup_stm32f103xb.o(RESET) refers to stm32f1xx_it.o(i.TIM4_IRQHandler) for TIM4_IRQHandler
    startup_stm32f103xb.o(.text) refers (Special) to heapauxi.o(.text) for __use_two_region_memory
    startup_stm32f103xb.o(.text) refers to system_stm32f1xx.o(i.SystemInit) for SystemInit
    startup_stm32f103xb.o(.text) refers to __main.o(!!!main) for __main
    startup_stm32f103xb.o(.text) refers to startup_stm32f103xb.o(HEAP) for Heap_Mem
    startup_stm32f103xb.o(.text) refers to startup_stm32f103xb.o(STACK) for Stack_Mem
    main.o(i.Calibrate) refers to stm32f1xx_hal_gpio.o(i.HAL_GPIO_TogglePin) for HAL_GPIO_TogglePin
    main.o(i.Calibrate) refers to stm32f1xx_hal_i2c.o(i.HAL_I2C_Master_Transmit) for HAL_I2C_Master_Transmit
    main.o(i.Calibrate) refers to stm32f1xx_hal_i2c.o(i.HAL_I2C_Master_Receive) for HAL_I2C_Master_Receive
    main.o(i.Calibrate) refers to fflt_clz.o(x$fpl$fflt) for __aeabi_i2f
    main.o(i.Calibrate) refers to faddsub_clz.o(x$fpl$fadd) for __aeabi_fadd
    main.o(i.Calibrate) refers to stm32f1xx_hal.o(i.HAL_Delay) for HAL_Delay
    main.o(i.Calibrate) refers to fdiv.o(x$fpl$fdiv) for __aeabi_fdiv
    main.o(i.Calibrate) refers to main.o(.data) for .data
    main.o(i.Calibrate) refers to main.o(.bss) for .bss
    main.o(i.HAL_TIM_IC_CaptureCallback) refers to stm32f1xx_hal_tim.o(i.HAL_TIM_ReadCapturedValue) for HAL_TIM_ReadCapturedValue
    main.o(i.HAL_TIM_IC_CaptureCallback) refers to main.o(.data) for .data
    main.o(i.Kalman) refers to f2d.o(x$fpl$f2d) for __aeabi_f2d
    main.o(i.Kalman) refers to dmul.o(x$fpl$dmul) for __aeabi_dmul
    main.o(i.Kalman) refers to daddsub_clz.o(x$fpl$dadd) for __aeabi_dadd
    main.o(i.Kalman) refers to d2f.o(x$fpl$d2f) for __aeabi_d2f
    main.o(i.Kalman) refers to faddsub_clz.o(x$fpl$fadd) for __aeabi_fadd
    main.o(i.Kalman) refers to fdiv.o(x$fpl$fdiv) for __aeabi_fdiv
    main.o(i.Kalman) refers to faddsub_clz.o(x$fpl$frsb) for __aeabi_frsub
    main.o(i.Kalman) refers to fmul.o(x$fpl$fmul) for __aeabi_fmul
    main.o(i.Kalman) refers to faddsub_clz.o(x$fpl$fsub) for __aeabi_fsub
    main.o(i.Kalman) refers to main.o(.data) for .data
    main.o(i.MPU6050_Init) refers to stm32f1xx_hal_i2c.o(i.HAL_I2C_Mem_Write) for HAL_I2C_Mem_Write
    main.o(i.MPU6050_Init) refers to main.o(.data) for .data
    main.o(i.MPU6050_Init) refers to main.o(.bss) for .bss
    main.o(i.MX_GPIO_Init) refers to stm32f1xx_hal_gpio.o(i.HAL_GPIO_WritePin) for HAL_GPIO_WritePin
    main.o(i.MX_GPIO_Init) refers to stm32f1xx_hal_gpio.o(i.HAL_GPIO_Init) for HAL_GPIO_Init
    main.o(i.MX_SPI1_Init) refers to stm32f1xx_hal_spi.o(i.HAL_SPI_Init) for HAL_SPI_Init
    main.o(i.MX_SPI1_Init) refers to main.o(.bss) for .bss
    main.o(i.MX_TIM2_Init) refers to stm32f1xx_hal_tim.o(i.HAL_TIM_IC_Init) for HAL_TIM_IC_Init
    main.o(i.MX_TIM2_Init) refers to stm32f1xx_hal_tim_ex.o(i.HAL_TIMEx_MasterConfigSynchronization) for HAL_TIMEx_MasterConfigSynchronization
    main.o(i.MX_TIM2_Init) refers to stm32f1xx_hal_tim.o(i.HAL_TIM_IC_ConfigChannel) for HAL_TIM_IC_ConfigChannel
    main.o(i.MX_TIM2_Init) refers to main.o(.bss) for .bss
    main.o(i.MX_TIM3_Init) refers to rt_memclr_w.o(.text) for __aeabi_memclr4
[...]
    i.HAL_TIM_PWM_PulseFinishedCallback      0x08002150   Section        0  stm32f1xx_hal_tim.o(i.HAL_TIM_PWM_PulseFinishedCallback)
    i.HAL_TIM_PWM_Start                      0x08002154   Section        0  stm32f1xx_hal_tim.o(i.HAL_TIM_PWM_Start)
    i.HAL_TIM_PeriodElapsedCallback          0x080021f0   Section        0  stm32f1xx_hal_tim.o(i.HAL_TIM_PeriodElapsedCallback)
    i.HAL_TIM_ReadCapturedValue              0x080021f2   Section        0  stm32f1xx_hal_tim.o(i.HAL_TIM_ReadCapturedValue)
    i.HAL_TIM_TriggerCallback                0x0800221c   Section        0  stm32f1xx_hal_tim.o(i.HAL_TIM_TriggerCallback)
    i.HardFault_Handler                      0x0800221e   Section        0  stm32f1xx_it.o(i.HardFault_Handler)
    i.I2C_IsAcknowledgeFailed                0x08002220   Section        0  stm32f1xx_hal_i2c.o(i.I2C_IsAcknowledgeFailed)
    I2C_IsAcknowledgeFailed                  0x08002221   Thumb Code    46  stm32f1xx_hal_i2c.o(i.I2C_IsAcknowledgeFailed)
    i.I2C_MasterRequestRead                  0x08002250   Section        0  stm32f1xx_hal_i2c.o(i.I2C_MasterRequestRead)
    I2C_MasterRequestRead                    0x08002251   Thumb Code   230  stm32f1xx_hal_i2c.o(i.I2C_MasterRequestRead)
    i.I2C_MasterRequestWrite                 0x0800233c   Section        0  stm32f1xx_hal_i2c.o(i.I2C_MasterRequestWrite)
    I2C_MasterRequestWrite                   0x0800233d   Thumb Code   150  stm32f1xx_hal_i2c.o(i.I2C_MasterRequestWrite)
    i.I2C_RequestMemoryWrite                 0x080023d8   Section        0  stm32f1xx_hal_i2c.o(i.I2C_RequestMemoryWrite)
    I2C_RequestMemoryWrite                   0x080023d9   Thumb Code   162  stm32f1xx_hal_i2c.o(i.I2C_RequestMemoryWrite)
    i.I2C_WaitOnBTFFlagUntilTimeout          0x08002480   Section        0  stm32f1xx_hal_i2c.o(i.I2C_WaitOnBTFFlagUntilTimeout)
    I2C_WaitOnBTFFlagUntilTimeout            0x08002481   Thumb Code    86  stm32f1xx_hal_i2c.o(i.I2C_WaitOnBTFFlagUntilTimeout)
    i.I2C_WaitOnFlagUntilTimeout             0x080024d8   Section        0  stm32f1xx_hal_i2c.o(i.I2C_WaitOnFlagUntilTimeout)
    I2C_WaitOnFlagUntilTimeout               0x080024d9   Thumb Code   144  stm32f1xx_hal_i2c.o(i.I2C_WaitOnFlagUntilTimeout)
    i.I2C_WaitOnMasterAddressFlagUntilTimeout 0x08002568   Section        0  stm32f1xx_hal_i2c.o(i.I2C_WaitOnMasterAddressFlagUntilTimeout)
    I2C_WaitOnMasterAddressFlagUntilTimeout  0x08002569   Thumb Code   188  stm32f1xx_hal_i2c.o(i.I2C_WaitOnMasterAddressFlagUntilTimeout)
    i.I2C_WaitOnRXNEFlagUntilTimeout         0x08002624   Section        0  stm32f1xx_hal_i2c.o(i.I2C_WaitOnRXNEFlagUntilTimeout)
    I2C_WaitOnRXNEFlagUntilTimeout           0x08002625   Thumb Code   112  stm32f1xx_hal_i2c.o(i.I2C_WaitOnRXNEFlagUntilTimeout)
    i.I2C_WaitOnTXEFlagUntilTimeout          0x08002694   Section        0  stm32f1xx_hal_i2c.o(i.I2C_WaitOnTXEFlagUntilTimeout)
    I2C_WaitOnTXEFlagUntilTimeout            0x08002695   Thumb Code    86  stm32f1xx_hal_i2c.o(i.I2C_WaitOnTXEFlagUntilTimeout)
    i.Kalman                                 0x080026ec   Section        0  main.o(i.Kalman)
    i.MPU6050_Init                           0x08002788   Section        0  main.o(i.MPU6050_Init)
    i.MX_GPIO_Init                           0x080027f4   Section        0  main.o(i.MX_GPIO_Init)
    MX_GPIO_Init                             0x080027f5   Thumb Code   160  main.o(i.MX_GPIO_Init)
    i.MX_SPI1_Init                           0x080028a0   Section        0  main.o(i.MX_SPI1_Init)
    MX_SPI1_Init                             0x080028a1   Thumb Code    58  main.o(i.MX_SPI1_Init)
    i.MX_TIM2_Init                           0x080028e4   Section        0  main.o(i.MX_TIM2_Init)
    MX_TIM2_Init                             0x080028e5   Thumb Code   150  main.o(i.MX_TIM2_Init)
    i.MX_TIM3_Init                           0x08002980   Section        0  main.o(i.MX_TIM3_Init)
    MX_TIM3_Init                             0x08002981   Thumb Code   120  main.o(i.MX_TIM3_Init)
    i.MX_TIM4_Init                           0x08002a00   Section        0  main.o(i.MX_TIM4_Init)
    MX_TIM4_Init                             0x08002a01   Thumb Code   120  main.o(i.MX_TIM4_Init)
    i.MemManage_Handler                      0x08002a80   Section        0  stm32f1xx_it.o(i.MemManage_Handler)
    i.NMI_Handler                            0x08002a82   Section        0  stm32f1xx_it.o(i.NMI_Handler)
    i.NRF24_ACTIVATE_cmd                     0x08002a84   Section        0  my_nrf24.o(i.NRF24_ACTIVATE_cmd)
    i.NRF24_DelayMicroSeconds                0x08002ab0   Section        0  my_nrf24.o(i.NRF24_DelayMicroSeconds)
    i.NRF24_availablePipe                    0x08002acc   Section        0  my_nrf24.o(i.NRF24_availablePipe)
    i.NRF24_begin                            0x08002afc   Section        0  my_nrf24.o(i.NRF24_begin)
    i.NRF24_ce                               0x08002c84   Section        0  my_nrf24.o(i.NRF24_ce)
    i.NRF24_csn                              0x08002c98   Section        0  my_nrf24.o(i.NRF24_csn)
    i.NRF24_disableDynamicPayloads           0x08002cac   Section        0  my_nrf24.o(i.NRF24_disableDynamicPayloads)
    i.NRF24_enableAckPayload                 0x08002cd4   Section        0  my_nrf24.o(i.NRF24_enableAckPayload)
    i.NRF24_enableDynamicPayloads            0x08002d18   Section        0  my_nrf24.o(i.NRF24_enableDynamicPayloads)
    i.NRF24_flush_rx                         0x08002d64   Section        0  my_nrf24.o(i.NRF24_flush_rx)
    i.NRF24_flush_tx                         0x08002d6c   Section        0  my_nrf24.o(i.NRF24_flush_tx)
    i.NRF24_getDynamicPayloadSize            0x08002d74   Section        0  my_nrf24.o(i.NRF24_getDynamicPayloadSize)
    i.NRF24_get_status                       0x08002d7a   Section        0  my_nrf24.o(i.NRF24_get_status)
    i.NRF24_openWritingPipe                  0x08002d80   Section        0  my_nrf24.o(i.NRF24_openWritingPipe)
    i.NRF24_powerDown                        0x08002dac   Section        0  my_nrf24.o(i.NRF24_powerDown)
    i.NRF24_read_register                    0x08002dc4   Section        0  my_nrf24.o(i.NRF24_read_register)
    i.NRF24_read_registerN                   0x08002e04   Section        0  my_nrf24.o(i.NRF24_read_registerN)
    i.NRF24_resetStatus                      0x08002e40   Section        0  my_nrf24.o(i.NRF24_resetStatus)
    i.NRF24_setAutoAck                       0x08002e48   Section        0  my_nrf24.o(i.NRF24_setAutoAck)
    i.NRF24_setCRCLength                     0x08002e56   Section        0  my_nrf24.o(i.NRF24_setCRCLength)
    i.NRF24_setChannel                       0x08002e7e   Section        0  my_nrf24.o(i.NRF24_setChannel)
    i.NRF24_setDataRate                      0x08002e8c   Section        0  my_nrf24.o(i.NRF24_setDataRate)
    i.NRF24_setPALevel                       0x08002ee8   Section        0  my_nrf24.o(i.NRF24_setPALevel)
    i.NRF24_setPayloadSize                   0x08002f24   Section        0  my_nrf24.o(i.NRF24_setPayloadSize)
    i.NRF24_setRetries                       0x08002f34   Section        0  my_nrf24.o(i.NRF24_setRetries)
    i.NRF24_startWrite                       0x08002f42   Section        0  my_nrf24.o(i.NRF24_startWrite)
    i.NRF24_stopListening                    0x08002f8c   Section        0  my_nrf24.o(i.NRF24_stopListening)
    i.NRF24_whatHappened                     0x08002fa0   Section        0  my_nrf24.o(i.NRF24_whatHappened)
    i.NRF24_write                            0x08002fd4   Section        0  my_nrf24.o(i.NRF24_write)
    i.NRF24_write_payload                    0x08003038   Section        0  my_nrf24.o(i.NRF24_write_payload)
    i.NRF24_write_register                   0x08003070   Section        0  my_nrf24.o(i.NRF24_write_register)
    i.NRF24_write_registerN                  0x080030a0   Section        0  my_nrf24.o(i.NRF24_write_registerN)
    i.PendSV_Handler                         0x080030dc   Section        0  stm32f1xx_it.o(i.PendSV_Handler)
    i.Read_mpu_all                           0x080030e0   Section        0  main.o(i.Read_mpu_all)
    i.SPI_EndRxTransaction                   0x0800333c   Section        0  stm32f1xx_hal_spi.o(i.SPI_EndRxTransaction)
    SPI_EndRxTransaction                     0x0800333d   Thumb Code    92  stm32f1xx_hal_spi.o(i.SPI_EndRxTransaction)
    i.SPI_EndRxTxTransaction                 0x08003398   Section        0  stm32f1xx_hal_spi.o(i.SPI_EndRxTxTransaction)
    SPI_EndRxTxTransaction                   0x08003399   Thumb Code    32  stm32f1xx_hal_spi.o(i.SPI_EndRxTxTransaction)
    i.SPI_WaitFlagStateUntilTimeout          0x080033b8   Section        0  stm32f1xx_hal_spi.o(i.SPI_WaitFlagStateUntilTimeout)
    SPI_WaitFlagStateUntilTimeout            0x080033b9   Thumb Code   180  stm32f1xx_hal_spi.o(i.SPI_WaitFlagStateUntilTimeout)
    i.SVC_Handler                            0x08003470   Section        0  stm32f1xx_it.o(i.SVC_Handler)
    i.SysTick_Handler                        0x08003472   Section        0  stm32f1xx_it.o(i.SysTick_Handler)
    i.SystemClock_Config                     0x08003476   Section        0  main.o(i.SystemClock_Config)
    i.SystemInit                             0x080034d4   Section        0  system_stm32f1xx.o(i.SystemInit)
    i.TIM2_IRQHandler                        0x080034d8   Section        0  stm32f1xx_it.o(i.TIM2_IRQHandler)
    i.TIM3_IRQHandler                        0x080034e4   Section        0  stm32f1xx_it.o(i.TIM3_IRQHandler)
    i.TIM4_IRQHandler                        0x080034f0   Section        0  stm32f1xx_it.o(i.TIM4_IRQHandler)
    i.TIM_Base_SetConfig                     0x080034fc   Section        0  stm32f1xx_hal_tim.o(i.TIM_Base_SetConfig)
    i.TIM_CCxChannelCmd                      0x08003568   Section        0  stm32f1xx_hal_tim.o(i.TIM_CCxChannelCmd)
    i.TIM_OC1_SetConfig                      0x08003584   Section        0  stm32f1xx_hal_tim.o(i.TIM_OC1_SetConfig)
    TIM_OC1_SetConfig                        0x08003585   Thumb Code    74  stm32f1xx_hal_tim.o(i.TIM_OC1_SetConfig)
    i.TIM_OC2_SetConfig                      0x080035d4   Section        0  stm32f1xx_hal_tim.o(i.TIM_OC2_SetConfig)
    i.TIM_OC3_SetConfig                      0x0800362c   Section        0  stm32f1xx_hal_tim.o(i.TIM_OC3_SetConfig)
    TIM_OC3_SetConfig                        0x0800362d   Thumb Code    82  stm32f1xx_hal_tim.o(i.TIM_OC3_SetConfig)
    i.TIM_OC4_SetConfig                      0x08003684   Section        0  stm32f1xx_hal_tim.o(i.TIM_OC4_SetConfig)
    TIM_OC4_SetConfig                        0x08003685   Thumb Code    64  stm32f1xx_hal_tim.o(i.TIM_OC4_SetConfig)
    i.TIM_TI1_SetConfig                      0x080036c8   Section        0  stm32f1xx_hal_tim.o(i.TIM_TI1_SetConfig)
    i.TIM_TI2_SetConfig                      0x08003720   Section        0  stm32f1xx_hal_tim.o(i.TIM_TI2_SetConfig)
    TIM_TI2_SetConfig                        0x08003721   Thumb Code    54  stm32f1xx_hal_tim.o(i.TIM_TI2_SetConfig)
    i.UsageFault_Handler                     0x08003756   Section        0  stm32f1xx_it.o(i.UsageFault_Handler)
    i.__ARM_fpclassify                       0x08003758   Section        0  fpclassify.o(i.__ARM_fpclassify)
    i.__NVIC_SetPriority                     0x08003780   Section        0  stm32f1xx_hal_cortex.o(i.__NVIC_SetPriority)
    __NVIC_SetPriority                       0x08003781   Thumb Code    32  stm32f1xx_hal_cortex.o(i.__NVIC_SetPriority)
    i.__kernel_poly                          0x080037a0   Section        0  poly.o(i.__kernel_poly)
    i.__mathlib_dbl_infnan                   0x0800384a   Section        0  dunder.o(i.__mathlib_dbl_infnan)
    i.__mathlib_dbl_underflow                0x08003850   Section        0  dunder.o(i.__mathlib_dbl_underflow)
    i.atan                                   0x08003860   Section        0  atan.o(i.atan)
    i.main                                   0x08003a80   Section        0  main.o(i.main)
    i.reset_pid                              0x080041d4   Section        0  main.o(i.reset_pid)
    i.sqrt                                   0x0800420c   Section        0  sqrt.o(i.sqrt)
    x$fpl$d2f                                0x08004258   Section       98  d2f.o(x$fpl$d2f)
    x$fpl$dadd                               0x080042bc   Section      336  daddsub_clz.o(x$fpl$dadd)
    _dadd1                                   0x080042cd   Thumb Code     0  daddsub_clz.o(x$fpl$dadd)
    x$fpl$dcheck1                            0x0800440c   Section       16  dcheck1.o(x$fpl$dcheck1)
    x$fpl$ddiv                               0x0800441c   Section      688  ddiv.o(x$fpl$ddiv)
    ddiv_entry                               0x08004423   Thumb Code     0  ddiv.o(x$fpl$ddiv)
    x$fpl$dflt                               0x080046cc   Section       46  dflt_clz.o(x$fpl$dflt)
    x$fpl$dmul                               0x080046fc   Section      340  dmul.o(x$fpl$dmul)
    x$fpl$dnaninf                            0x08004850   Section      156  dnaninf.o(x$fpl$dnaninf)
    x$fpl$dretinf                            0x080048ec   Section       12  dretinf.o(x$fpl$dretinf)
    x$fpl$drsb                               0x080048f8   Section       22  daddsub_clz.o(x$fpl$drsb)
    x$fpl$dsqrt                              0x08004910   Section      460  dsqrt_noumaal.o(x$fpl$dsqrt)
    x$fpl$dsub                               0x08004adc   Section      468  daddsub_clz.o(x$fpl$dsub)
    _dsub1                                   0x08004aed   Thumb Code     0  daddsub_clz.o(x$fpl$dsub)
    x$fpl$f2d                                0x08004cb0   Section       86  f2d.o(x$fpl$f2d)
    x$fpl$fadd                               0x08004d08   Section      196  faddsub_clz.o(x$fpl$fadd)
    _fadd1                                   0x08004d17   Thumb Code     0  faddsub_clz.o(x$fpl$fadd)
    x$fpl$fcheck1                            0x08004dcc   Section       12  fcheck1.o(x$fpl$fcheck1)
    x$fpl$fcmpinf                            0x08004dd8   Section       24  fcmpi.o(x$fpl$fcmpinf)
    x$fpl$fdiv                               0x08004df0   Section      388  fdiv.o(x$fpl$fdiv)
    _fdiv1                                   0x08004df1   Thumb Code     0  fdiv.o(x$fpl$fdiv)
    x$fpl$ffix                               0x08004f74   Section       54  ffix.o(x$fpl$ffix)
    x$fpl$fflt                               0x08004fac   Section       48  fflt_clz.o(x$fpl$fflt)
    x$fpl$ffltu                              0x08004fdc   Section       38  fflt_clz.o(x$fpl$ffltu)
    x$fpl$fleqf                              0x08005004   Section      104  fleqf.o(x$fpl$fleqf)
    x$fpl$fmul                               0x0800506c   Section      258  fmul.o(x$fpl$fmul)
    x$fpl$fnaninf                            0x0800516e   Section      140  fnaninf.o(x$fpl$fnaninf)
    x$fpl$fretinf                            0x080051fa   Section       10  fretinf.o(x$fpl$fretinf)
    x$fpl$frleqf                             0x08005204   Section       98  frleqf.o(x$fpl$frleqf)
    x$fpl$frsb                               0x08005266   Section       20  faddsub_clz.o(x$fpl$frsb)
    x$fpl$fsub                               0x0800527c   Section      234  faddsub_clz.o(x$fpl$fsub)
    _fsub1                                   0x0800528b   Thumb Code     0  faddsub_clz.o(x$fpl$fsub)
    x$fpl$retnan                             0x08005366   Section      100  retnan.o(x$fpl$retnan)
    x$fpl$scalbn                             0x080053ca   Section       92  scalbn.o(x$fpl$scalbn)
    x$fpl$scalbnf                            0x08005426   Section       76  scalbnf.o(x$fpl$scalbnf)
    x$fpl$trapveneer                         0x08005472   Section       48  trapv.o(x$fpl$trapveneer)
    .constdata                               0x080054a2   Section       18  stm32f1xx_hal_rcc.o(.constdata)
    x$fpl$usenofp                            0x080054a2   Section        0  usenofp.o(x$fpl$usenofp)
    aPredivFactorTable                       0x080054a2   Data           2  stm32f1xx_hal_rcc.o(.constdata)
    aPLLMULFactorTable                       0x080054a4   Data          16  stm32f1xx_hal_rcc.o(.constdata)
    .constdata                               0x080054b4   Section       16  system_stm32f1xx.o(.constdata)
    .constdata                               0x080054c4   Section        8  system_stm32f1xx.o(.constdata)
    .constdata                               0x080054d0   Section      152  atan.o(.constdata)
    atanhi                                   0x080054d0   Data          32  atan.o(.constdata)
    atanlo                                   0x080054f0   Data          32  atan.o(.constdata)
    aTodd                                    0x08005510   Data          40  atan.o(.constdata)
    aTeven                                   0x08005538   Data          48  atan.o(.constdata)
    .data                                    0x20000000   Section      264  main.o(.data)
    .data                                    0x20000108   Section       12  stm32f1xx_hal.o(.data)
    .data                                    0x20000114   Section        4  system_stm32f1xx.o(.data)
    .data                                    0x20000118   Section       24  my_nrf24.o(.data)
    ack_payload_available                    0x20000118   Data           1  my_nrf24.o(.data)
    ack_payload_length                       0x20000119   Data           1  my_nrf24.o(.data)
    payload_size                             0x2000011a   Data           1  my_nrf24.o(.data)
    dynamic_payloads_enabled                 0x2000011b   Data           1  my_nrf24.o(.data)
    p_variant                                0x2000011c   Data           1  my_nrf24.o(.data)
    wide_band                                0x2000011d   Data           1  my_nrf24.o(.data)
    nrf24_CSN_PIN                            0x2000011e   Data           2  my_nrf24.o(.data)
    nrf24_CE_PIN                             0x20000120   Data           2  my_nrf24.o(.data)
    nrf24_PORT                               0x20000124   Data           4  my_nrf24.o(.data)
    pipe0_reading_address                    0x20000128   Data           8  my_nrf24.o(.data)
    .bss                                     0x20000130   Section      588  main.o(.bss)
    .bss                                     0x2000037c   Section       88  my_nrf24.o(.bss)
    nrf24_hspi                               0x2000037c   Data          88  my_nrf24.o(.bss)
    .bss                                     0x200003d4   Section       96  libspace.o(.bss)
    HEAP                                     0x20000438   Section      512  startup_stm32f103xb.o(HEAP)
    Heap_Mem                                 0x20000438   Data         512  startup_stm32f103xb.o(HEAP)
    STACK                                    0x20000638   Section     1024  startup_stm32f103xb.o(STACK)
    Stack_Mem                                0x20000638   Data        1024  startup_stm32f103xb.o(STACK)
    __initial_sp                             0x20000a38   Data           0  startup_stm32f103xb.o(STACK)

    Global Symbols

    Symbol Name                              Value     Ov Type        Size  Object(Section)

    BuildAttributes$$THM_ISAv4$P$D$K$B$S$PE$A:L22UL41UL21$X:L11$S22US41US21$IEEE1$IW$USESV6$~STKCKD$USESV7$~SHL$OTIME$ROPI$IEEEX$EBA8$UX$STANDARDLIB$REQ8$PRES8$EABIv2 0x00000000   Number         0  anon$$obj.o ABSOLUTE
    __ARM_use_no_argv                        0x00000000   Number         0  main.o ABSOLUTE
    __ARM_exceptions_init                     - Undefined Weak Reference
    __alloca_initialize                       - Undefined Weak Reference
    __arm_preinit_                            - Undefined Weak Reference
    __cpp_initialize__aeabi_                  - Undefined Weak Reference
    __cxa_finalize                            - Undefined Weak Reference
    __rt_locale                               - Undefined Weak Reference
    __sigvec_lookup                           - Undefined Weak Reference
    _atexit_init                              - Undefined Weak Reference
    _call_atexit_fns                          - Undefined Weak Reference
    _clock_init                               - Undefined Weak Reference
    _fp_trap_init                             - Undefined Weak Reference
    _fp_trap_shutdown                         - Undefined Weak Reference
    _get_lc_collate                           - Undefined Weak Reference
    _get_lc_ctype                             - Undefined Weak Reference
    _get_lc_monetary                          - Undefined Weak Reference
    _get_lc_numeric                           - Undefined Weak Reference
    _get_lc_time                              - Undefined Weak Reference
    _getenv_init                              - Undefined Weak Reference
    _handle_redirection                       - Undefined Weak Reference
    _init_alloc                               - Undefined Weak Reference
    _init_user_alloc                          - Undefined Weak Reference
    _initio                                   - Undefined Weak Reference
    _rand_init                                - Undefined Weak Reference
    _signal_finish                            - Undefined Weak Reference
    _signal_init                              - Undefined Weak Reference
    _terminate_alloc                          - Undefined Weak Reference
    _terminate_user_alloc                     - Undefined Weak Reference
    _terminateio                              - Undefined Weak Reference
    __Vectors_Size                           0x000000ec   Number         0  startup_stm32f103xb.o ABSOLUTE
    __Vectors                                0x08000000   Data           4  startup_stm32f103xb.o(RESET)
    __Vectors_End                            0x080000ec   Data           0  startup_stm32f103xb.o(RESET)
    __main                                   0x080000ed   Thumb Code     8  __main.o(!!!main)
    __scatterload                            0x080000f5   Thumb Code     0  __scatter.o(!!!scatter)
    __scatterload_rt2                        0x080000f5   Thumb Code    44  __scatter.o(!!!scatter)
    __scatterload_rt2_thumb_only             0x080000f5   Thumb Code     0  __scatter.o(!!!scatter)
    __scatterload_null                       0x08000103   Thumb Code     0  __scatter.o(!!!scatter)
    __decompress                             0x08000129   Thumb Code    90  __dczerorl2.o(!!dczerorl2)
    __decompress1                            0x08000129   Thumb Code     0  __dczerorl2.o(!!dczerorl2)
    __scatterload_zeroinit                   0x08000185   Thumb Code    28  __scatter_zi.o(!!handler_zi)
    __rt_lib_init                            0x080001a1   Thumb Code     0  libinit.o(.ARM.Collect$$libinit$$00000000)
    __rt_lib_init_alloca_1                   0x080001a3   Thumb Code     0  libinit2.o(.ARM.Collect$$libinit$$0000002E)
    __rt_lib_init_argv_1                     0x080001a3   Thumb Code     0  libinit2.o(.ARM.Collect$$libinit$$0000002C)
    __rt_lib_init_atexit_1                   0x080001a3   Thumb Code     0  libinit2.o(.ARM.Collect$$libinit$$0000001B)
    __rt_lib_init_clock_1                    0x080001a3   Thumb Code     0  libinit2.o(.ARM.Collect$$libinit$$00000021)
    __rt_lib_init_cpp_1                      0x080001a3   Thumb Code     0  libinit2.o(.ARM.Collect$$libinit$$00000032)
    __rt_lib_init_exceptions_1               0x080001a3   Thumb Code     0  libinit2.o(.ARM.Collect$$libinit$$00000030)
    __rt_lib_init_fp_1                       0x080001a3   Thumb Code     0  libinit2.o(.ARM.Collect$$libinit$$00000002)
    __rt_lib_init_fp_trap_1                  0x080001a3   Thumb Code     0  libinit2.o(.ARM.Collect$$libinit$$0000001F)
    __rt_lib_init_getenv_1                   0x080001a3   Thumb Code     0  libinit2.o(.ARM.Collect$$libinit$$00000023)
    __rt_lib_init_heap_1                     0x080001a3   Thumb Code     0  libinit2.o(.ARM.Collect$$libinit$$0000000A)
    __rt_lib_init_lc_collate_1               0x080001a3   Thumb Code     0  libinit2.o(.ARM.Collect$$libinit$$00000011)
    __rt_lib_init_lc_ctype_1                 0x080001a3   Thumb Code     0  libinit2.o(.ARM.Collect$$libinit$$00000013)
    __rt_lib_init_lc_monetary_1              0x080001a3   Thumb Code     0  libinit2.o(.ARM.Collect$$libinit$$00000015)
    __rt_lib_init_lc_numeric_1               0x080001a3   Thumb Code     0  libinit2.o(.ARM.Collect$$libinit$$00000017)
    __rt_lib_init_lc_time_1                  0x080001a3   Thumb Code     0  libinit2.o(.ARM.Collect$$libinit$$00000019)
    __rt_lib_init_preinit_1                  0x080001a3   Thumb Code     0  libinit2.o(.ARM.Collect$$libinit$$00000004)
    __rt_lib_init_rand_1                     0x080001a3   Thumb Code     0  libinit2.o(.ARM.Collect$$libinit$$0000000E)
    __rt_lib_init_return                     0x080001a3   Thumb Code     0  libinit2.o(.ARM.Collect$$libinit$$00000033)
    __rt_lib_init_signal_1                   0x080001a3   Thumb Code     0  libinit2.o(.ARM.Collect$$libinit$$0000001D)
    __rt_lib_init_stdio_1                    0x080001a3   Thumb Code     0  libinit2.o(.ARM.Collect$$libinit$$00000025)
    __rt_lib_init_user_alloc_1               0x080001a3   Thumb Code     0  libinit2.o(.ARM.Collect$$libinit$$0000000C)
    __rt_lib_shutdown                        0x080001a5   Thumb Code     0  libshutdown.o(.ARM.Collect$$libshutdown$$00000000)
    __rt_lib_shutdown_cpp_1                  0x080001a7   Thumb Code     0  libshutdown2.o(.ARM.Collect$$libshutdown$$00000002)
    __rt_lib_shutdown_fp_trap_1              0x080001a7   Thumb Code     0  libshutdown2.o(.ARM.Collect$$libshutdown$$00000007)
    __rt_lib_shutdown_heap_1                 0x080001a7   Thumb Code     0  libshutdown2.o(.ARM.Collect$$libshutdown$$0000000F)
    __rt_lib_shutdown_return                 0x080001a7   Thumb Code     0  libshutdown2.o(.ARM.Collect$$libshutdown$$00000010)
    __rt_lib_shutdown_signal_1               0x080001a7   Thumb Code     0  libshutdown2.o(.ARM.Collect$$libshutdown$$0000000A)
    __rt_lib_shutdown_stdio_1                0x080001a7   Thumb Code     0  libshutdown2.o(.ARM.Collect$$libshutdown$$00000004)
    __rt_lib_shutdown_user_alloc_1           0x080001a7   Thumb Code     0  libshutdown2.o(.ARM.Collect$$libshutdown$$0000000C)
    __rt_entry                               0x080001a9   Thumb Code     0  __rtentry.o(.ARM.Collect$$rtentry$$00000000)
    __rt_entry_presh_1                       0x080001a9   Thumb Code     0  __rtentry2.o(.ARM.Collect$$rtentry$$00000002)
    __rt_entry_sh                            0x080001a9   Thumb Code     0  __rtentry4.o(.ARM.Collect$$rtentry$$00000004)
    __rt_entry_li                            0x080001af   Thumb Code     0  __rtentry2.o(.ARM.Collect$$rtentry$$0000000A)
    __rt_entry_postsh_1                      0x080001af   Thumb Code     0  __rtentry2.o(.ARM.Collect$$rtentry$$00000009)
    __rt_entry_main                          0x080001b3   Thumb Code     0  __rtentry2.o(.ARM.Collect$$rtentry$$0000000D)
    __rt_entry_postli_1                      0x080001b3   Thumb Code     0  __rtentry2.o(.ARM.Collect$$rtentry$$0000000C)
    __rt_exit                                0x080001bb   Thumb Code     0  rtexit.o(.ARM.Collect$$rtexit$$00000000)
    __rt_exit_ls                             0x080001bd   Thumb Code     0  rtexit2.o(.ARM.Collect$$rtexit$$00000003)
    __rt_exit_prels_1                        0x080001bd   Thumb Code     0  rtexit2.o(.ARM.Collect$$rtexit$$00000002)
    __rt_exit_exit                           0x080001c1   Thumb Code     0  rtexit2.o(.ARM.Collect$$rtexit$$00000004)
    Reset_Handler                            0x080001c9   Thumb Code     8  startup_stm32f103xb.o(.text)
    ADC1_2_IRQHandler                        0x080001e3   Thumb Code     0  startup_stm32f103xb.o(.text)
    CAN1_RX1_IRQHandler                      0x080001e3   Thumb Code     0  startup_stm32f103xb.o(.text)
    CAN1_SCE_IRQHandler                      0x080001e3   Thumb Code     0  startup_stm32f103xb.o(.text)
    DMA1_Channel1_IRQHandler                 0x080001e3   Thumb Code     0  startup_stm32f103xb.o(.text)
    DMA1_Channel2_IRQHandler                 0x080001e3   Thumb Code     0  startup_stm32f103xb.o(.text)
    DMA1_Channel3_IRQHandler                 0x080001e3   Thumb Code     0  startup_stm32f103xb.o(.text)
    DMA1_Channel4_IRQHandler                 0x080001e3   Thumb Code     0  startup_stm32f103xb.o(.text)
    DMA1_Channel5_IRQHandler                 0x080001e3   Thumb Code     0  startup_stm32f103xb.o(.text)
    DMA1_Channel6_IRQHandler                 0x080001e3   Thumb Code     0  startup_stm32f103xb.o(.text)
    DMA1_Channel7_IRQHandler                 0x080001e3   Thumb Code     0  startup_stm32f103xb.o(.text)
    EXTI0_IRQHandler                         0x080001e3   Thumb Code     0  startup_stm32f103xb.o(.text)
    EXTI15_10_IRQHandler                     0x080001e3   Thumb Code     0  startup_stm32f103xb.o(.text)
    EXTI1_IRQHandler                         0x080001e3   Thumb Code     0  startup_stm32f103xb.o(.text)
    EXTI2_IRQHandler                         0x080001e3   Thumb Code     0  startup_stm32f103xb.o(.text)
    EXTI3_IRQHandler                         0x080001e3   Thumb Code     0  startup_stm32f103xb.o(.text)
    EXTI4_IRQHandler                         0x080001e3   Thumb Code     0  startup_stm32f103xb.o(.text)
    EXTI9_5_IRQHandler                       0x080001e3   Thumb Code     0  startup_stm32f103xb.o(.text)
    FLASH_IRQHandler                         0x080001e3   Thumb Code     0  startup_stm32f103xb.o(.text)
    I2C1_ER_IRQHandler                       0x080001e3   Thumb Code     0  startup_stm32f103xb.o(.text)
    I2C1_EV_IRQHandler                       0x080001e3   Thumb Code     0  startup_stm32f103xb.o(.text)
    I2C2_ER_IRQHandler                       0x080001e3   Thumb Code     0  startup_stm32f103xb.o(.text)
    I2C2_EV_IRQHandler                       0x080001e3   Thumb Code     0  startup_stm32f103xb.o(.text)
    PVD_IRQHandler                           0x080001e3   Thumb Code     0  startup_stm32f103xb.o(.text)
    RCC_IRQHandler                           0x080001e3   Thumb Code     0  startup_stm32f103xb.o(.text)
    RTC_Alarm_IRQHandler                     0x080001e3   Thumb Code     0  startup_stm32f103xb.o(.text)
    RTC_IRQHandler                           0x080001e3   Thumb Code     0  startup_stm32f103xb.o(.text)
    SPI1_IRQHandler                          0x080001e3   Thumb Code     0  startup_stm32f103xb.o(.text)
    SPI2_IRQHandler                          0x080001e3   Thumb Code     0  startup_stm32f103xb.o(.text)
    TAMPER_IRQHandler                        0x080001e3   Thumb Code     0  startup_stm32f103xb.o(.text)
    TIM1_BRK_IRQHandler                      0x080001e3   Thumb Code     0  startup_stm32f103xb.o(.text)
    TIM1_CC_IRQHandler                       0x080001e3   Thumb Code     0  startup_stm32f103xb.o(.text)
    TIM1_TRG_COM_IRQHandler                  0x080001e3   Thumb Code     0  startup_stm32f103xb.o(.text)
    TIM1_UP_IRQHandler                       0x080001e3   Thumb Code     0  startup_stm32f103xb.o(.text)
    USART1_IRQHandler                        0x080001e3   Thumb Code     0  startup_stm32f103xb.o(.text)
    USART2_IRQHandler                        0x080001e3   Thumb Code     0  startup_stm32f103xb.o(.text)
    USART3_IRQHandler                        0x080001e3   Thumb Code     0  startup_stm32f103xb.o(.text)
    USBWakeUp_IRQHandler                     0x080001e3   Thumb Code     0  startup_stm32f103xb.o(.text)
    USB_HP_CAN1_TX_IRQHandler                0x080001e3   Thumb Code     0  startup_stm32f103xb.o(.text)
    USB_LP_CAN1_RX0_IRQHandler               0x080001e3   Thumb Code     0  startup_stm32f103xb.o(.text)
    WWDG_IRQHandler                          0x080001e3   Thumb Code     0  startup_stm32f103xb.o(.text)
    __user_initial_stackheap                 0x080001e5   Thumb Code     0  startup_stm32f103xb.o(.text)
    __aeabi_memcpy4                          0x08000209   Thumb Code     0  rt_memcpy_w.o(.text)
    __aeabi_memcpy8                          0x08000209   Thumb Code     0  rt_memcpy_w.o(.text)
    __rt_memcpy_w                            0x08000209   Thumb Code   100  rt_memcpy_w.o(.text)
    _memcpy_lastbytes_aligned                0x08000251   Thumb Code     0  rt_memcpy_w.o(.text)
    __aeabi_memclr4                          0x0800026d   Thumb Code     0  rt_memclr_w.o(.text)
    __aeabi_memclr8                          0x0800026d   Thumb Code     0  rt_memclr_w.o(.text)
    __rt_memclr_w                            0x0800026d   Thumb Code    78  rt_memclr_w.o(.text)
    _memset_w                                0x08000271   Thumb Code     0  rt_memclr_w.o(.text)
    __use_two_region_memory                  0x080002bb   Thumb Code     2  heapauxi.o(.text)
    __rt_heap_escrow$2region                 0x080002bd   Thumb Code     2  heapauxi.o(.text)
    __rt_heap_expand$2region                 0x080002bf   Thumb Code     2  heapauxi.o(.text)
    __read_errno                             0x080002c1   Thumb Code    10  _rserrno.o(.text)
    __set_errno                              0x080002cb   Thumb Code    12  _rserrno.o(.text)
    __aeabi_errno_addr                       0x080002d9   Thumb Code     8  rt_errno_addr_intlibspace.o(.text)
    __errno$intlibspace                      0x080002d9   Thumb Code     0  rt_errno_addr_intlibspace.o(.text)
    __rt_errno_addr$intlibspace              0x080002d9   Thumb Code     0  rt_errno_addr_intlibspace.o(.text)
    __user_libspace                          0x080002e1   Thumb Code     8  libspace.o(.text)
    __user_perproc_libspace                  0x080002e1   Thumb Code     0  libspace.o(.text)
    __user_perthread_libspace                0x080002e1   Thumb Code     0  libspace.o(.text)
    __user_setup_stackheap                   0x080002e9   Thumb Code    74  sys_stackheap_outer.o(.text)
    exit                                     0x08000333   Thumb Code    18  exit.o(.text)
    _sys_exit                                0x08000345   Thumb Code     8  sys_exit.o(.text)
    __I$use$semihosting                      0x08000351   Thumb Code     0  use_no_semi.o(.text)
    __use_no_semihosting_swi                 0x08000351   Thumb Code     2  use_no_semi.o(.text)
    BusFault_Handler                         0x08000353   Thumb Code     2  stm32f1xx_it.o(i.BusFault_Handler)
    __semihosting_library_function           0x08000353   Thumb Code     0  indicate_semi.o(.text)
    Calibrate                                0x08000355   Thumb Code   238  main.o(i.Calibrate)
    DebugMon_Handler                         0x08000461   Thumb Code     2  stm32f1xx_it.o(i.DebugMon_Handler)
    HAL_Delay                                0x08000465   Thumb Code    32  stm32f1xx_hal.o(i.HAL_Delay)
    HAL_GPIO_Init                            0x08000489   Thumb Code   446  stm32f1xx_hal_gpio.o(i.HAL_GPIO_Init)
    HAL_GPIO_TogglePin                       0x08000669   Thumb Code    16  stm32f1xx_hal_gpio.o(i.HAL_GPIO_TogglePin)
    HAL_GPIO_WritePin                        0x08000679   Thumb Code    10  stm32f1xx_hal_gpio.o(i.HAL_GPIO_WritePin)
    HAL_GetTick                              0x08000685   Thumb Code     6  stm32f1xx_hal.o(i.HAL_GetTick)
    HAL_I2C_Init                             0x08000691   Thumb Code   376  stm32f1xx_hal_i2c.o(i.HAL_I2C_Init)
    HAL_I2C_Master_Receive                   0x08000819   Thumb Code   576  stm32f1xx_hal_i2c.o(i.HAL_I2C_Master_Receive)
    HAL_I2C_Master_Transmit                  0x08000a69   Thumb Code   290  stm32f1xx_hal_i2c.o(i.HAL_I2C_Master_Transmit)
    HAL_I2C_Mem_Write                        0x08000b95   Thumb Code   294  stm32f1xx_hal_i2c.o(i.HAL_I2C_Mem_Write)
    HAL_I2C_MspInit                          0x08000cc5   Thumb Code    80  stm32f1xx_hal_msp.o(i.HAL_I2C_MspInit)
    HAL_IncTick                              0x08000d21   Thumb Code    12  stm32f1xx_hal.o(i.HAL_IncTick)
    HAL_Init                                 0x08000d31   Thumb Code    32  stm32f1xx_hal.o(i.HAL_Init)
    HAL_InitTick                             0x08000d55   Thumb Code    54  stm32f1xx_hal.o(i.HAL_InitTick)
    HAL_MspInit                              0x08000d95   Thumb Code    52  stm32f1xx_hal_msp.o(i.HAL_MspInit)
    HAL_NVIC_EnableIRQ                       0x08000dd1   Thumb Code    26  stm32f1xx_hal_cortex.o(i.HAL_NVIC_EnableIRQ)
    HAL_NVIC_SetPriority                     0x08000ded   Thumb Code    60  stm32f1xx_hal_cortex.o(i.HAL_NVIC_SetPriority)
    HAL_NVIC_SetPriorityGrouping             0x08000e2d   Thumb Code    26  stm32f1xx_hal_cortex.o(i.HAL_NVIC_SetPriorityGrouping)
    HAL_RCC_ClockConfig                      0x08000e51   Thumb Code   280  stm32f1xx_hal_rcc.o(i.HAL_RCC_ClockConfig)
    HAL_RCC_GetPCLK1Freq                     0x08000f7d   Thumb Code    20  stm32f1xx_hal_rcc.o(i.HAL_RCC_GetPCLK1Freq)
    HAL_RCC_GetSysClockFreq                  0x08000f9d   Thumb Code    58  stm32f1xx_hal_rcc.o(i.HAL_RCC_GetSysClockFreq)
    HAL_RCC_OscConfig                        0x08000fe9   Thumb Code   778  stm32f1xx_hal_rcc.o(i.HAL_RCC_OscConfig)
    HAL_SPI_Init                             0x08001309   Thumb Code   178  stm32f1xx_hal_spi.o(i.HAL_SPI_Init)
    HAL_SPI_MspInit                          0x080013bd   Thumb Code    98  stm32f1xx_hal_msp.o(i.HAL_SPI_MspInit)
    HAL_SPI_Receive                          0x0800142d   Thumb Code   342  stm32f1xx_hal_spi.o(i.HAL_SPI_Receive)
    HAL_SPI_Transmit                         0x08001583   Thumb Code   366  stm32f1xx_hal_spi.o(i.HAL_SPI_Transmit)
    HAL_SPI_TransmitReceive                  0x080016f1   Thumb Code   494  stm32f1xx_hal_spi.o(i.HAL_SPI_TransmitReceive)
    HAL_SYSTICK_Config                       0x080018df   Thumb Code    40  stm32f1xx_hal_cortex.o(i.HAL_SYSTICK_Config)
    HAL_TIMEx_BreakCallback                  0x08001907   Thumb Code     2  stm32f1xx_hal_tim_ex.o(i.HAL_TIMEx_BreakCallback)
    HAL_TIMEx_CommutCallback                 0x08001909   Thumb Code     2  stm32f1xx_hal_tim_ex.o(i.HAL_TIMEx_CommutCallback)
    HAL_TIMEx_MasterConfigSynchronization    0x0800190d   Thumb Code    92  stm32f1xx_hal_tim_ex.o(i.HAL_TIMEx_MasterConfigSynchronization)
    HAL_TIM_IC_CaptureCallback               0x08001975   Thumb Code   436  main.o(i.HAL_TIM_IC_CaptureCallback)
    HAL_TIM_IC_ConfigChannel                 0x08001b2d   Thumb Code   292  stm32f1xx_hal_tim.o(i.HAL_TIM_IC_ConfigChannel)
    HAL_TIM_IC_Init                          0x08001c51   Thumb Code    90  stm32f1xx_hal_tim.o(i.HAL_TIM_IC_Init)
    HAL_TIM_IC_MspInit                       0x08001cad   Thumb Code    88  stm32f1xx_hal_msp.o(i.HAL_TIM_IC_MspInit)
    HAL_TIM_IC_Start_IT                      0x08001d0d   Thumb Code   216  stm32f1xx_hal_tim.o(i.HAL_TIM_IC_Start_IT)
    HAL_TIM_IRQHandler                       0x08001df1   Thumb Code   358  stm32f1xx_hal_tim.o(i.HAL_TIM_IRQHandler)
    HAL_TIM_MspPostInit                      0x08001f59   Thumb Code    90  stm32f1xx_hal_msp.o(i.HAL_TIM_MspPostInit)
    HAL_TIM_OC_DelayElapsedCallback          0x08001fc5   Thumb Code     2  stm32f1xx_hal_tim.o(i.HAL_TIM_OC_DelayElapsedCallback)
    HAL_TIM_PWM_ConfigChannel                0x08001fc7   Thumb Code   204  stm32f1xx_hal_tim.o(i.HAL_TIM_PWM_ConfigChannel)
    HAL_TIM_PWM_Init                         0x08002093   Thumb Code    90  stm32f1xx_hal_tim.o(i.HAL_TIM_PWM_Init)
    HAL_TIM_PWM_MspInit                      0x080020ed   Thumb Code    86  stm32f1xx_hal_msp.o(i.HAL_TIM_PWM_MspInit)
    HAL_TIM_PWM_PulseFinishedCallback        0x08002151   Thumb Code     2  stm32f1xx_hal_tim.o(i.HAL_TIM_PWM_PulseFinishedCallback)
    HAL_TIM_PWM_Start                        0x08002155   Thumb Code   144  stm32f1xx_hal_tim.o(i.HAL_TIM_PWM_Start)
    HAL_TIM_PeriodElapsedCallback            0x080021f1   Thumb Code     2  stm32f1xx_hal_tim.o(i.HAL_TIM_PeriodElapsedCallback)
    HAL_TIM_ReadCapturedValue                0x080021f3   Thumb Code    42  stm32f1xx_hal_tim.o(i.HAL_TIM_ReadCapturedValue)
    HAL_TIM_TriggerCallback                  0x0800221d   Thumb Code     2  stm32f1xx_hal_tim.o(i.HAL_TIM_TriggerCallback)
    HardFault_Handler                        0x0800221f   Thumb Code     2  stm32f1xx_it.o(i.HardFault_Handler)
    Kalman                                   0x080026ed   Thumb Code   132  main.o(i.Kalman)
    MPU6050_Init                             0x08002789   Thumb Code   100  main.o(i.MPU6050_Init)
    MemManage_Handler                        0x08002a81   Thumb Code     2  stm32f1xx_it.o(i.MemManage_Handler)
    NMI_Handler                              0x08002a83   Thumb Code     2  stm32f1xx_it.o(i.NMI_Handler)
    NRF24_ACTIVATE_cmd                       0x08002a85   Thumb Code    40  my_nrf24.o(i.NRF24_ACTIVATE_cmd)
    NRF24_DelayMicroSeconds                  0x08002ab1   Thumb Code    18  my_nrf24.o(i.NRF24_DelayMicroSeconds)
    NRF24_availablePipe                      0x08002acd   Thumb Code    48  my_nrf24.o(i.NRF24_availablePipe)
    NRF24_begin                              0x08002afd   Thumb Code   384  my_nrf24.o(i.NRF24_begin)
    NRF24_ce                                 0x08002c85   Thumb Code    16  my_nrf24.o(i.NRF24_ce)
    NRF24_csn                                0x08002c99   Thumb Code    16  my_nrf24.o(i.NRF24_csn)
    NRF24_disableDynamicPayloads             0x08002cad   Thumb Code    34  my_nrf24.o(i.NRF24_disableDynamicPayloads)
    NRF24_enableAckPayload                   0x08002cd5   Thumb Code    66  my_nrf24.o(i.NRF24_enableAckPayload)
    NRF24_enableDynamicPayloads              0x08002d19   Thumb Code    70  my_nrf24.o(i.NRF24_enableDynamicPayloads)
    NRF24_flush_rx                           0x08002d65   Thumb Code     8  my_nrf24.o(i.NRF24_flush_rx)
    NRF24_flush_tx                           0x08002d6d   Thumb Code     8  my_nrf24.o(i.NRF24_flush_tx)
    NRF24_getDynamicPayloadSize              0x08002d75   Thumb Code     6  my_nrf24.o(i.NRF24_getDynamicPayloadSize)
    NRF24_get_status                         0x08002d7b   Thumb Code     6  my_nrf24.o(i.NRF24_get_status)
    NRF24_openWritingPipe                    0x08002d81   Thumb Code    40  my_nrf24.o(i.NRF24_openWritingPipe)
    NRF24_powerDown                          0x08002dad   Thumb Code    22  my_nrf24.o(i.NRF24_powerDown)
    NRF24_read_register                      0x08002dc5   Thumb Code    58  my_nrf24.o(i.NRF24_read_register)
    NRF24_read_registerN                     0x08002e05   Thumb Code    54  my_nrf24.o(i.NRF24_read_registerN)
    NRF24_resetStatus                        0x08002e41   Thumb Code     8  my_nrf24.o(i.NRF24_resetStatus)
    NRF24_setAutoAck                         0x08002e49   Thumb Code    14  my_nrf24.o(i.NRF24_setAutoAck)
    NRF24_setCRCLength                       0x08002e57   Thumb Code    40  my_nrf24.o(i.NRF24_setCRCLength)
    NRF24_setChannel                         0x08002e7f   Thumb Code    14  my_nrf24.o(i.NRF24_setChannel)
    NRF24_setDataRate                        0x08002e8d   Thumb Code    86  my_nrf24.o(i.NRF24_setDataRate)
    NRF24_setPALevel                         0x08002ee9   Thumb Code    60  my_nrf24.o(i.NRF24_setPALevel)
    NRF24_setPayloadSize                     0x08002f25   Thumb Code    12  my_nrf24.o(i.NRF24_setPayloadSize)
    NRF24_setRetries                         0x08002f35   Thumb Code    14  my_nrf24.o(i.NRF24_setRetries)
    NRF24_startWrite                         0x08002f43   Thumb Code    74  my_nrf24.o(i.NRF24_startWrite)
    NRF24_stopListening                      0x08002f8d   Thumb Code    20  my_nrf24.o(i.NRF24_stopListening)
    NRF24_whatHappened                       0x08002fa1   Thumb Code    50  my_nrf24.o(i.NRF24_whatHappened)
    NRF24_write                              0x08002fd5   Thumb Code    94  my_nrf24.o(i.NRF24_write)
    NRF24_write_payload                      0x08003039   Thumb Code    50  my_nrf24.o(i.NRF24_write_payload)
    NRF24_write_register                     0x08003071   Thumb Code    44  my_nrf24.o(i.NRF24_write_register)
    NRF24_write_registerN                    0x080030a1   Thumb Code    54  my_nrf24.o(i.NRF24_write_registerN)
    PendSV_Handler                           0x080030dd   Thumb Code     2  stm32f1xx_it.o(i.PendSV_Handler)
    Read_mpu_all                             0x080030e1   Thumb Code   562  main.o(i.Read_mpu_all)
    SVC_Handler                              0x08003471   Thumb Code     2  stm32f1xx_it.o(i.SVC_Handler)
    SysTick_Handler                          0x08003473   Thumb Code     4  stm32f1xx_it.o(i.SysTick_Handler)
    SystemClock_Config                       0x08003477   Thumb Code    94  main.o(i.SystemClock_Config)
    SystemInit                               0x080034d5   Thumb Code     2  system_stm32f1xx.o(i.SystemInit)
    TIM2_IRQHandler                          0x080034d9   Thumb Code     6  stm32f1xx_it.o(i.TIM2_IRQHandler)
    TIM3_IRQHandler                          0x080034e5   Thumb Code     6  stm32f1xx_it.o(i.TIM3_IRQHandler)
    TIM4_IRQHandler                          0x080034f1   Thumb Code     6  stm32f1xx_it.o(i.TIM4_IRQHandler)
    TIM_Base_SetConfig                       0x080034fd   Thumb Code    94  stm32f1xx_hal_tim.o(i.TIM_Base_SetConfig)
    TIM_CCxChannelCmd                        0x08003569   Thumb Code    26  stm32f1xx_hal_tim.o(i.TIM_CCxChannelCmd)
    TIM_OC2_SetConfig                        0x080035d5   Thumb Code    84  stm32f1xx_hal_tim.o(i.TIM_OC2_SetConfig)
    TIM_TI1_SetConfig                        0x080036c9   Thumb Code    76  stm32f1xx_hal_tim.o(i.TIM_TI1_SetConfig)
    UsageFault_Handler                       0x08003757   Thumb Code     2  stm32f1xx_it.o(i.UsageFault_Handler)
    __ARM_fpclassify                         0x08003759   Thumb Code    40  fpclassify.o(i.__ARM_fpclassify)
    __kernel_poly                            0x080037a1   Thumb Code   170  poly.o(i.__kernel_poly)
    __mathlib_dbl_infnan                     0x0800384b   Thumb Code     6  dunder.o(i.__mathlib_dbl_infnan)
    __mathlib_dbl_underflow                  0x08003851   Thumb Code    10  dunder.o(i.__mathlib_dbl_underflow)
    atan                                     0x08003861   Thumb Code   474  atan.o(i.atan)
    main                                     0x08003a81   Thumb Code  1856  main.o(i.main)
    reset_pid                                0x080041d5   Thumb Code    46  main.o(i.reset_pid)
    sqrt                                     0x0800420d   Thumb Code    76  sqrt.o(i.sqrt)
    __aeabi_d2f                              0x08004259   Thumb Code     0  d2f.o(x$fpl$d2f)
    _d2f                                     0x08004259   Thumb Code    98  d2f.o(x$fpl$d2f)
    __aeabi_dadd                             0x080042bd   Thumb Code     0  daddsub_clz.o(x$fpl$dadd)
    _dadd                                    0x080042bd   Thumb Code   332  daddsub_clz.o(x$fpl$dadd)
    __fpl_dcheck_NaN1                        0x0800440d   Thumb Code    10  dcheck1.o(x$fpl$dcheck1)
    __aeabi_ddiv                             0x0800441d   Thumb Code     0  ddiv.o(x$fpl$ddiv)
    _ddiv                                    0x0800441d   Thumb Code   552  ddiv.o(x$fpl$ddiv)
    __aeabi_i2d                              0x080046cd   Thumb Code     0  dflt_clz.o(x$fpl$dflt)
    _dflt                                    0x080046cd   Thumb Code    46  dflt_clz.o(x$fpl$dflt)
    __aeabi_dmul                             0x080046fd   Thumb Code     0  dmul.o(x$fpl$dmul)
    _dmul                                    0x080046fd   Thumb Code   332  dmul.o(x$fpl$dmul)
    __fpl_dnaninf                            0x08004851   Thumb Code   156  dnaninf.o(x$fpl$dnaninf)
    __fpl_dretinf                            0x080048ed   Thumb Code    12  dretinf.o(x$fpl$dretinf)
    __aeabi_drsub                            0x080048f9   Thumb Code     0  daddsub_clz.o(x$fpl$drsb)
    _drsb                                    0x080048f9   Thumb Code    22  daddsub_clz.o(x$fpl$drsb)
    _dsqrt                                   0x08004911   Thumb Code   456  dsqrt_noumaal.o(x$fpl$dsqrt)
    __aeabi_dsub                             0x08004add   Thumb Code     0  daddsub_clz.o(x$fpl$dsub)
    _dsub                                    0x08004add   Thumb Code   464  daddsub_clz.o(x$fpl$dsub)
    __aeabi_f2d                              0x08004cb1   Thumb Code     0  f2d.o(x$fpl$f2d)
    _f2d                                     0x08004cb1   Thumb Code    86  f2d.o(x$fpl$f2d)
    __aeabi_fadd                             0x08004d09   Thumb Code     0  faddsub_clz.o(x$fpl$fadd)
    _fadd                                    0x08004d09   Thumb Code   196  faddsub_clz.o(x$fpl$fadd)
    __fpl_fcheck_NaN1                        0x08004dcd   Thumb Code     6  fcheck1.o(x$fpl$fcheck1)
    __fpl_fcmp_Inf                           0x08004dd9   Thumb Code    24  fcmpi.o(x$fpl$fcmpinf)
    __aeabi_fdiv                             0x08004df1   Thumb Code     0  fdiv.o(x$fpl$fdiv)
    _fdiv                                    0x08004df1   Thumb Code   384  fdiv.o(x$fpl$fdiv)
    __aeabi_f2iz                             0x08004f75   Thumb Code     0  ffix.o(x$fpl$ffix)
    _ffix                                    0x08004f75   Thumb Code    54  ffix.o(x$fpl$ffix)
    __aeabi_i2f                              0x08004fad   Thumb Code     0  fflt_clz.o(x$fpl$fflt)
    _fflt                                    0x08004fad   Thumb Code    48  fflt_clz.o(x$fpl$fflt)
    __aeabi_ui2f                             0x08004fdd   Thumb Code     0  fflt_clz.o(x$fpl$ffltu)
    _ffltu                                   0x08004fdd   Thumb Code    38  fflt_clz.o(x$fpl$ffltu)
    __aeabi_cfcmple                          0x08005005   Thumb Code     0  fleqf.o(x$fpl$fleqf)
    _fcmple                                  0x08005005   Thumb Code   104  fleqf.o(x$fpl$fleqf)
    __fpl_fcmple_InfNaN                      0x08005057   Thumb Code     0  fleqf.o(x$fpl$fleqf)
    __aeabi_fmul                             0x0800506d   Thumb Code     0  fmul.o(x$fpl$fmul)
    _fmul                                    0x0800506d   Thumb Code   258  fmul.o(x$fpl$fmul)
    __fpl_fnaninf                            0x0800516f   Thumb Code   140  fnaninf.o(x$fpl$fnaninf)
    __fpl_fretinf                            0x080051fb   Thumb Code    10  fretinf.o(x$fpl$fretinf)
    __aeabi_cfrcmple                         0x08005205   Thumb Code     0  frleqf.o(x$fpl$frleqf)
    _frcmple                                 0x08005205   Thumb Code    98  frleqf.o(x$fpl$frleqf)
    __aeabi_frsub                            0x08005267   Thumb Code     0  faddsub_clz.o(x$fpl$frsb)
    _frsb                                    0x08005267   Thumb Code    20  faddsub_clz.o(x$fpl$frsb)
    __aeabi_fsub                             0x0800527d   Thumb Code     0  faddsub_clz.o(x$fpl$fsub)
    _fsub                                    0x0800527d   Thumb Code   234  faddsub_clz.o(x$fpl$fsub)
    __fpl_return_NaN                         0x08005367   Thumb Code   100  retnan.o(x$fpl$retnan)
    __ARM_scalbn                             0x080053cb   Thumb Code    92  scalbn.o(x$fpl$scalbn)
    __ARM_scalbnf                            0x08005427   Thumb Code    76  scalbnf.o(x$fpl$scalbnf)
    __fpl_cmpreturn                          0x08005473   Thumb Code    48  trapv.o(x$fpl$trapveneer)
    __I$use$fp                               0x080054a2   Number         0  usenofp.o(x$fpl$usenofp)
    AHBPrescTable                            0x080054b4   Data          16  system_stm32f1xx.o(.constdata)
    APBPrescTable                            0x080054c4   Data           8  system_stm32f1xx.o(.constdata)
    Region$$Table$$Base                      0x08005568   Number         0  anon$$obj.o(Region$$Table)
    Region$$Table$$Limit                     0x08005588   Number         0  anon$$obj.o(Region$$Table)
    firt_capture1                            0x20000000   Data           1  main.o(.data)
    firt_capture2                            0x20000001   Data           1  main.o(.data)
    firt_capture3                            0x20000002   Data           1  main.o(.data)
    firt_capture4                            0x20000003   Data           1  main.o(.data)
    data                                     0x20000004   Data           1  main.o(.data)
    active                                   0x20000005   Data           1  main.o(.data)
    buffer                                   0x20000006   Data           2  main.o(.data)
    raw_temp                                 0x20000008   Data           2  main.o(.data)
    esc1                                     0x2000000a   Data           2  main.o(.data)
    esc2                                     0x2000000c   Data           2  main.o(.data)
    esc3                                     0x2000000e   Data           2  main.o(.data)
    esc4                                     0x20000010   Data           2  main.o(.data)
    throttle                                 0x20000012   Data           2  main.o(.data)
    KalmanAngleRoll                          0x20000014   Data           4  main.o(.data)
    Kalman_ERR_AngleRoll                     0x20000018   Data           4  main.o(.data)
    KalmanAnglePitch                         0x2000001c   Data           4  main.o(.data)
    Kalman_ERR_AnglePitch                    0x20000020   Data           4  main.o(.data)
    pid_roll                                 0x20000024   Data           4  main.o(.data)
    pid_pitch                                0x20000028   Data           4  main.o(.data)
    pid_yaw                                  0x2000002c   Data           4  main.o(.data)
    diff1                                    0x20000030   Data           4  main.o(.data)
    diff2                                    0x20000034   Data           4  main.o(.data)
    diff3                                    0x20000038   Data           4  main.o(.data)
    diff4                                    0x2000003c   Data           4  main.o(.data)
    angle_pitch                              0x20000040   Data           4  main.o(.data)
    angle_roll                               0x20000044   Data           4  main.o(.data)
    temp                                     0x20000048   Data           4  main.o(.data)
    i                                        0x2000004c   Data           4  main.o(.data)
    prevtime                                 0x20000050   Data           4  main.o(.data)
    RateRoll                                 0x20000054   Data           4  main.o(.data)
    RatePitch                                0x20000058   Data           4  main.o(.data)
    RateYaw                                  0x2000005c   Data           4  main.o(.data)
    AccX                                     0x20000060   Data           4  main.o(.data)
    AccY                                     0x20000064   Data           4  main.o(.data)
    AccZ                                     0x20000068   Data           4  main.o(.data)
    pid_set_points_roll                      0x2000006c   Data           4  main.o(.data)
    pid_set_points_pitch                     0x20000070   Data           4  main.o(.data)
    pid_set_points_yaw                       0x20000074   Data           4  main.o(.data)
    roll_level_adjust                        0x20000078   Data           4  main.o(.data)
    pitch_level_adjust                       0x2000007c   Data           4  main.o(.data)
    capture1                                 0x20000080   Data           4  main.o(.data)
    capture2                                 0x20000084   Data           4  main.o(.data)
    capture3                                 0x20000088   Data           4  main.o(.data)
    capture4                                 0x2000008c   Data           4  main.o(.data)
    channel_1_start                          0x20000090   Data           4  main.o(.data)
    channel_1                                0x20000094   Data           4  main.o(.data)
    channel_2_start                          0x20000098   Data           4  main.o(.data)
    channel_2                                0x2000009c   Data           4  main.o(.data)
    channel_3_start                          0x200000a0   Data           4  main.o(.data)
    channel_3                                0x200000a4   Data           4  main.o(.data)
    channel_4_start                          0x200000a8   Data           4  main.o(.data)
    channel_4                                0x200000ac   Data           4  main.o(.data)
    tuffer                                   0x200000b0   Data           6  main.o(.data)
    cuffer                                   0x200000b6   Data           6  main.o(.data)
    gyro_raw                                 0x200000bc   Data           6  main.o(.data)
    acc_raw                                  0x200000c2   Data           6  main.o(.data)
    Kalman_ouput                             0x200000c8   Data           8  main.o(.data)
    TxpipeAddrs                              0x200000d0   Data           8  main.o(.data)
    pid_max                                  0x200000d8   Data          12  main.o(.data)
    Kp                                       0x200000e4   Data          12  main.o(.data)
    Ki                                       0x200000f0   Data          12  main.o(.data)
    Kd                                       0x200000fc   Data          12  main.o(.data)
    uwTickFreq                               0x20000108   Data           1  stm32f1xx_hal.o(.data)
    uwTickPrio                               0x2000010c   Data           4  stm32f1xx_hal.o(.data)
    uwTick                                   0x20000110   Data           4  stm32f1xx_hal.o(.data)
    SystemCoreClock                          0x20000114   Data           4  system_stm32f1xx.o(.data)
    delta_err                                0x20000130   Data          12  main.o(.bss)
    error_sum                                0x2000013c   Data          12  main.o(.bss)
    previous_error                           0x20000148   Data          12  main.o(.bss)
    hi2c1                                    0x20000154   Data          84  main.o(.bss)
    hspi1                                    0x200001a8   Data          88  main.o(.bss)
    htim2                                    0x20000200   Data          72  main.o(.bss)
    htim3                                    0x20000248   Data          72  main.o(.bss)
    htim4                                    0x20000290   Data          72  main.o(.bss)
    gyro_cal                                 0x200002d8   Data          12  main.o(.bss)
    acc_cal                                  0x200002e4   Data          12  main.o(.bss)
    errors                                   0x200002f0   Data          12  main.o(.bss)
    myTxData                                 0x200002fc   Data         128  main.o(.bss)
    __libspace_start                         0x200003d4   Data          96  libspace.o(.bss)
    __temporary_stack_top$libspace           0x20000434   Data           0  libspace.o(.bss)



==============================================================================

Memory Map of the image

  Image Entry point : 0x080000ed

  Load Region LR_IROM1 (Base: 0x08000000, Size: 0x000056b8, Max: 0x00010000, ABSOLUTE, COMPRESSED[0x000055b8])

    Execution Region ER_IROM1 (Exec base: 0x08000000, Load base: 0x08000000, Size: 0x00005588, Max: 0x00010000, ABSOLUTE)

    Exec Addr    Load Addr    Size         Type   Attr      Idx    E Section Name        Object

    0x08000000   0x08000000   0x000000ec   Data   RO            3    RESET               startup_stm32f103xb.o
    0x080000ec   0x080000ec   0x00000008   Code   RO         3509  * !!!main             c_w.l(__main.o)
    0x080000f4   0x080000f4   0x00000034   Code   RO         3788    !!!scatter          c_w.l(__scatter.o)
    0x08000128   0x08000128   0x0000005a   Code   RO         3786    !!dczerorl2         c_w.l(__dczerorl2.o)
    0x08000182   0x08000182   0x00000002   PAD
    0x08000184   0x08000184   0x0000001c   Code   RO         3790    !!handler_zi        c_w.l(__scatter_zi.o)
    0x080001a0   0x080001a0   0x00000002   Code   RO         3657    .ARM.Collect$$libinit$$00000000  c_w.l(libinit.o)
    0x080001a2   0x080001a2   0x00000000   Code   RO         3663    .ARM.Collect$$libinit$$00000002  c_w.l(libinit2.o)
    0x080001a2   0x080001a2   0x00000000   Code   RO         3665    .ARM.Collect$$libinit$$00000004  c_w.l(libinit2.o)
    0x080001a2   0x080001a2   0x00000000   Code   RO         3668    .ARM.Collect$$libinit$$0000000A  c_w.l(libinit2.o)
    0x080001a2   0x080001a2   0x00000000   Code   RO         3670    .ARM.Collect$$libinit$$0000000C  c_w.l(libinit2.o)
    0x080001a2   0x080001a2   0x00000000   Code   RO         3672    .ARM.Collect$$libinit$$0000000E  c_w.l(libinit2.o)
    0x080001a2   0x080001a2   0x00000000   Code   RO         3675    .ARM.Collect$$libinit$$00000011  c_w.l(libinit2.o)
    0x080001a2   0x080001a2   0x00000000   Code   RO         3677    .ARM.Collect$$libinit$$00000013  c_w.l(libinit2.o)
    0x080001a2   0x080001a2   0x00000000   Code   RO         3679    .ARM.Collect$$libinit$$00000015  c_w.l(libinit2.o)
    0x080001a2   0x080001a2   0x00000000   Code   RO         3681    .ARM.Collect$$libinit$$00000017  c_w.l(libinit2.o)
    0x080001a2   0x080001a2   0x00000000   Code   RO         3683    .ARM.Collect$$libinit$$00000019  c_w.l(libinit2.o)
    0x080001a2   0x080001a2   0x00000000   Code   RO         3685    .ARM.Collect$$libinit$$0000001B  c_w.l(libinit2.o)
    0x080001a2   0x080001a2   0x00000000   Code   RO         3687    .ARM.Collect$$libinit$$0000001D  c_w.l(libinit2.o)
    0x080001a2   0x080001a2   0x00000000   Code   RO         3689    .ARM.Collect$$libinit$$0000001F  c_w.l(libinit2.o)
    0x080001a2   0x080001a2   0x00000000   Code   RO         3691    .ARM.Collect$$libinit$$00000021  c_w.l(libinit2.o)
    0x080001a2   0x080001a2   0x00000000   Code   RO         3693    .ARM.Collect$$libinit$$00000023  c_w.l(libinit2.o)
    0x080001a2   0x080001a2   0x00000000   Code   RO         3695    .ARM.Collect$$libinit$$00000025  c_w.l(libinit2.o)
    0x080001a2   0x080001a2   0x00000000   Code   RO         3699    .ARM.Collect$$libinit$$0000002C  c_w.l(libinit2.o)
    0x080001a2   0x080001a2   0x00000000   Code   RO         3701    .ARM.Collect$$libinit$$0000002E  c_w.l(libinit2.o)
    0x080001a2   0x080001a2   0x00000000   Code   RO         3703    .ARM.Collect$$libinit$$00000030  c_w.l(libinit2.o)
    0x080001a2   0x080001a2   0x00000000   Code   RO         3705    .ARM.Collect$$libinit$$00000032  c_w.l(libinit2.o)
    0x080001a2   0x080001a2   0x00000002   Code   RO         3706    .ARM.Collect$$libinit$$00000033  c_w.l(libinit2.o)
    0x080001a4   0x080001a4   0x00000002   Code   RO         3726    .ARM.Collect$$libshutdown$$00000000  c_w.l(libshutdown.o)
    0x080001a6   0x080001a6   0x00000000   Code   RO         3739    .ARM.Collect$$libshutdown$$00000002  c_w.l(libshutdown2.o)
    0x080001a6   0x080001a6   0x00000000   Code   RO         3741    .ARM.Collect$$libshutdown$$00000004  c_w.l(libshutdown2.o)
    0x080001a6   0x080001a6   0x00000000   Code   RO         3744    .ARM.Collect$$libshutdown$$00000007  c_w.l(libshutdown2.o)
    0x080001a6   0x080001a6   0x00000000   Code   RO         3747    .ARM.Collect$$libshutdown$$0000000A  c_w.l(libshutdown2.o)
    0x080001a6   0x080001a6   0x00000000   Code   RO         3749    .ARM.Collect$$libshutdown$$0000000C  c_w.l(libshutdown2.o)
    0x080001a6   0x080001a6   0x00000000   Code   RO         3752    .ARM.Collect$$libshutdown$$0000000F  c_w.l(libshutdown2.o)
    0x080001a6   0x080001a6   0x00000002   Code   RO         3753    .ARM.Collect$$libshutdown$$00000010  c_w.l(libshutdown2.o)
    0x080001a8   0x080001a8   0x00000000   Code   RO         3579    .ARM.Collect$$rtentry$$00000000  c_w.l(__rtentry.o)
    0x080001a8   0x080001a8   0x00000000   Code   RO         3620    .ARM.Collect$$rtentry$$00000002  c_w.l(__rtentry2.o)
    0x080001a8   0x080001a8   0x00000006   Code   RO         3632    .ARM.Collect$$rtentry$$00000004  c_w.l(__rtentry4.o)
    0x080001ae   0x080001ae   0x00000000   Code   RO         3622    .ARM.Collect$$rtentry$$00000009  c_w.l(__rtentry2.o)
    0x080001ae   0x080001ae   0x00000004   Code   RO         3623    .ARM.Collect$$rtentry$$0000000A  c_w.l(__rtentry2.o)
    0x080001b2   0x080001b2   0x00000000   Code   RO         3625    .ARM.Collect$$rtentry$$0000000C  c_w.l(__rtentry2.o)
    0x080001b2   0x080001b2   0x00000008   Code   RO         3626    .ARM.Collect$$rtentry$$0000000D  c_w.l(__rtentry2.o)
    0x080001ba   0x080001ba   0x00000002   Code   RO         3660    .ARM.Collect$$rtexit$$00000000  c_w.l(rtexit.o)
    0x080001bc   0x080001bc   0x00000000   Code   RO         3708    .ARM.Collect$$rtexit$$00000002  c_w.l(rtexit2.o)
    0x080001bc   0x080001bc   0x00000004   Code   RO         3709    .ARM.Collect$$rtexit$$00000003  c_w.l(rtexit2.o)
    0x080001c0   0x080001c0   0x00000006   Code   RO         3710    .ARM.Collect$$rtexit$$00000004  c_w.l(rtexit2.o)
    0x080001c6   0x080001c6   0x00000002   PAD
    0x080001c8   0x080001c8   0x00000040   Code   RO            4    .text               startup_stm32f103xb.o
    0x08000208   0x08000208   0x00000064   Code   RO         3503    .text               c_w.l(rt_memcpy_w.o)
    0x0800026c   0x0800026c   0x0000004e   Code   RO         3505    .text               c_w.l(rt_memclr_w.o)
    0x080002ba   0x080002ba   0x00000006   Code   RO         3507    .text               c_w.l(heapauxi.o)
    0x080002c0   0x080002c0   0x00000016   Code   RO         3580    .text               c_w.l(_rserrno.o)
    0x080002d6   0x080002d6   0x00000002   PAD
    0x080002d8   0x080002d8   0x00000008   Code   RO         3637    .text               c_w.l(rt_errno_addr_intlibspace.o)
    0x080002e0   0x080002e0   0x00000008   Code   RO         3645    .text               c_w.l(libspace.o)
    0x080002e8   0x080002e8   0x0000004a   Code   RO         3648    .text               c_w.l(sys_stackheap_outer.o)
    0x08000332   0x08000332   0x00000012   Code   RO         3650    .text               c_w.l(exit.o)
    0x08000344   0x08000344   0x0000000c   Code   RO         3718    .text               c_w.l(sys_exit.o)
    0x08000350   0x08000350   0x00000002   Code   RO         3729    .text               c_w.l(use_no_semi.o)
    0x08000352   0x08000352   0x00000000   Code   RO         3731    .text               c_w.l(indicate_semi.o)
    0x08000352   0x08000352   0x00000002   Code   RO          237    i.BusFault_Handler  stm32f1xx_it.o
    0x08000354   0x08000354   0x0000010c   Code   RO           13    i.Calibrate         main.o
    0x08000460   0x08000460   0x00000002   Code   RO          238    i.DebugMon_Handler  stm32f1xx_it.o
    0x08000462   0x08000462   0x00000002   PAD
    0x08000464   0x08000464   0x00000024   Code   RO          889    i.HAL_Delay         stm32f1xx_hal.o
    0x08000488   0x08000488   0x000001e0   Code   RO         1199    i.HAL_GPIO_Init     stm32f1xx_hal_gpio.o
    0x08000668   0x08000668   0x00000010   Code   RO         1202    i.HAL_GPIO_TogglePin  stm32f1xx_hal_gpio.o
    0x08000678   0x08000678   0x0000000a   Code   RO         1203    i.HAL_GPIO_WritePin  stm32f1xx_hal_gpio.o
    0x08000682   0x08000682   0x00000002   PAD
    0x08000684   0x08000684   0x0000000c   Code   RO          893    i.HAL_GetTick       stm32f1xx_hal.o
    0x08000690   0x08000690   0x00000188   Code   RO          456    i.HAL_I2C_Init      stm32f1xx_hal_i2c.o
    0x08000818   0x08000818   0x00000250   Code   RO          462    i.HAL_I2C_Master_Receive  stm32f1xx_hal_i2c.o
    0x08000a68   0x08000a68   0x0000012c   Code   RO          469    i.HAL_I2C_Master_Transmit  stm32f1xx_hal_i2c.o
    0x08000b94   0x08000b94   0x00000130   Code   RO          477    i.HAL_I2C_Mem_Write  stm32f1xx_hal_i2c.o
    0x08000cc4   0x08000cc4   0x0000005c   Code   RO          332    i.HAL_I2C_MspInit   stm32f1xx_hal_msp.o
    0x08000d20   0x08000d20   0x00000010   Code   RO          899    i.HAL_IncTick       stm32f1xx_hal.o
    0x08000d30   0x08000d30   0x00000024   Code   RO          900    i.HAL_Init          stm32f1xx_hal.o
    0x08000d54   0x08000d54   0x00000040   Code   RO          901    i.HAL_InitTick      stm32f1xx_hal.o
    0x08000d94   0x08000d94   0x0000003c   Code   RO          333    i.HAL_MspInit       stm32f1xx_hal_msp.o
    0x08000dd0   0x08000dd0   0x0000001a   Code   RO         1359    i.HAL_NVIC_EnableIRQ  stm32f1xx_hal_cortex.o
    0x08000dea   0x08000dea   0x00000002   PAD
    0x08000dec   0x08000dec   0x00000040   Code   RO         1365    i.HAL_NVIC_SetPriority  stm32f1xx_hal_cortex.o
    0x08000e2c   0x08000e2c   0x00000024   Code   RO         1366    i.HAL_NVIC_SetPriorityGrouping  stm32f1xx_hal_cortex.o
    0x08000e50   0x08000e50   0x0000012c   Code   RO         1057    i.HAL_RCC_ClockConfig  stm32f1xx_hal_rcc.o
    0x08000f7c   0x08000f7c   0x00000020   Code   RO         1064    i.HAL_RCC_GetPCLK1Freq  stm32f1xx_hal_rcc.o
    0x08000f9c   0x08000f9c   0x0000004c   Code   RO         1066    i.HAL_RCC_GetSysClockFreq  stm32f1xx_hal_rcc.o
    0x08000fe8   0x08000fe8   0x00000320   Code   RO         1069    i.HAL_RCC_OscConfig  stm32f1xx_hal_rcc.o
    0x08001308   0x08001308   0x000000b2   Code   RO         1870    i.HAL_SPI_Init      stm32f1xx_hal_spi.o
    0x080013ba   0x080013ba   0x00000002   PAD
    0x080013bc   0x080013bc   0x00000070   Code   RO          335    i.HAL_SPI_MspInit   stm32f1xx_hal_msp.o
    0x0800142c   0x0800142c   0x00000156   Code   RO         1873    i.HAL_SPI_Receive   stm32f1xx_hal_spi.o
    0x08001582   0x08001582   0x0000016e   Code   RO         1878    i.HAL_SPI_Transmit  stm32f1xx_hal_spi.o
    0x080016f0   0x080016f0   0x000001ee   Code   RO         1879    i.HAL_SPI_TransmitReceive  stm32f1xx_hal_spi.o
    0x080018de   0x080018de   0x00000028   Code   RO         1370    i.HAL_SYSTICK_Config  stm32f1xx_hal_cortex.o
    0x08001906   0x08001906   0x00000002   Code   RO         2887    i.HAL_TIMEx_BreakCallback  stm32f1xx_hal_tim_ex.o
    0x08001908   0x08001908   0x00000002   Code   RO         2888    i.HAL_TIMEx_CommutCallback  stm32f1xx_hal_tim_ex.o
    0x0800190a   0x0800190a   0x00000002   PAD
    0x0800190c   0x0800190c   0x00000068   Code   RO         2906    i.HAL_TIMEx_MasterConfigSynchronization  stm32f1xx_hal_tim_ex.o
    0x08001974   0x08001974   0x000001b8   Code   RO           15    i.HAL_TIM_IC_CaptureCallback  main.o
    0x08001b2c   0x08001b2c   0x00000124   Code   RO         2219    i.HAL_TIM_IC_ConfigChannel  stm32f1xx_hal_tim.o
    0x08001c50   0x08001c50   0x0000005a   Code   RO         2222    i.HAL_TIM_IC_Init   stm32f1xx_hal_tim.o
    0x08001caa   0x08001caa   0x00000002   PAD
    0x08001cac   0x08001cac   0x00000060   Code   RO          337    i.HAL_TIM_IC_MspInit  stm32f1xx_hal_msp.o
    0x08001d0c   0x08001d0c   0x000000e4   Code   RO         2227    i.HAL_TIM_IC_Start_IT  stm32f1xx_hal_tim.o
    0x08001df0   0x08001df0   0x00000166   Code   RO         2231    i.HAL_TIM_IRQHandler  stm32f1xx_hal_tim.o
    0x08001f56   0x08001f56   0x00000002   PAD
    0x08001f58   0x08001f58   0x0000006c   Code   RO          338    i.HAL_TIM_MspPostInit  stm32f1xx_hal_msp.o
    0x08001fc4   0x08001fc4   0x00000002   Code   RO         2234    i.HAL_TIM_OC_DelayElapsedCallback  stm32f1xx_hal_tim.o
    0x08001fc6   0x08001fc6   0x000000cc   Code   RO         2255    i.HAL_TIM_PWM_ConfigChannel  stm32f1xx_hal_tim.o
    0x08002092   0x08002092   0x0000005a   Code   RO         2258    i.HAL_TIM_PWM_Init  stm32f1xx_hal_tim.o
    0x080020ec   0x080020ec   0x00000064   Code   RO          340    i.HAL_TIM_PWM_MspInit  stm32f1xx_hal_msp.o
    0x08002150   0x08002150   0x00000002   Code   RO         2261    i.HAL_TIM_PWM_PulseFinishedCallback  stm32f1xx_hal_tim.o
    0x08002152   0x08002152   0x00000002   PAD
    0x08002154   0x08002154   0x0000009c   Code   RO         2263    i.HAL_TIM_PWM_Start  stm32f1xx_hal_tim.o
    0x080021f0   0x080021f0   0x00000002   Code   RO         2269    i.HAL_TIM_PeriodElapsedCallback  stm32f1xx_hal_tim.o
    0x080021f2   0x080021f2   0x0000002a   Code   RO         2271    i.HAL_TIM_ReadCapturedValue  stm32f1xx_hal_tim.o
    0x0800221c   0x0800221c   0x00000002   Code   RO         2274    i.HAL_TIM_TriggerCallback  stm32f1xx_hal_tim.o
    0x0800221e   0x0800221e   0x00000002   Code   RO          239    i.HardFault_Handler  stm32f1xx_it.o
    0x08002220   0x08002220   0x0000002e   Code   RO          499    i.I2C_IsAcknowledgeFailed  stm32f1xx_hal_i2c.o
    0x0800224e   0x0800224e   0x00000002   PAD
    0x08002250   0x08002250   0x000000ec   Code   RO          502    i.I2C_MasterRequestRead  stm32f1xx_hal_i2c.o
    0x0800233c   0x0800233c   0x0000009c   Code   RO          503    i.I2C_MasterRequestWrite  stm32f1xx_hal_i2c.o
    0x080023d8   0x080023d8   0x000000a8   Code   RO          510    i.I2C_RequestMemoryWrite  stm32f1xx_hal_i2c.o
    0x08002480   0x08002480   0x00000056   Code   RO          514    i.I2C_WaitOnBTFFlagUntilTimeout  stm32f1xx_hal_i2c.o
    0x080024d6   0x080024d6   0x00000002   PAD
    0x080024d8   0x080024d8   0x00000090   Code   RO          515    i.I2C_WaitOnFlagUntilTimeout  stm32f1xx_hal_i2c.o
    0x08002568   0x08002568   0x000000bc   Code   RO          516    i.I2C_WaitOnMasterAddressFlagUntilTimeout  stm32f1xx_hal_i2c.o
    0x08002624   0x08002624   0x00000070   Code   RO          517    i.I2C_WaitOnRXNEFlagUntilTimeout  stm32f1xx_hal_i2c.o
    0x08002694   0x08002694   0x00000056   Code   RO          518    i.I2C_WaitOnTXEFlagUntilTimeout  stm32f1xx_hal_i2c.o
    0x080026ea   0x080026ea   0x00000002   PAD
    0x080026ec   0x080026ec   0x0000009c   Code   RO           16    i.Kalman            main.o
    0x08002788   0x08002788   0x0000006c   Code   RO           17    i.MPU6050_Init      main.o
    0x080027f4   0x080027f4   0x000000ac   Code   RO           18    i.MX_GPIO_Init      main.o
    0x080028a0   0x080028a0   0x00000044   Code   RO           19    i.MX_SPI1_Init      main.o
    0x080028e4   0x080028e4   0x0000009c   Code   RO           20    i.MX_TIM2_Init      main.o
    0x08002980   0x08002980   0x00000080   Code   RO           21    i.MX_TIM3_Init      main.o
    0x08002a00   0x08002a00   0x00000080   Code   RO           22    i.MX_TIM4_Init      main.o
    0x08002a80   0x08002a80   0x00000002   Code   RO          240    i.MemManage_Handler  stm32f1xx_it.o
    0x08002a82   0x08002a82   0x00000002   Code   RO          241    i.NMI_Handler       stm32f1xx_it.o
    0x08002a84   0x08002a84   0x0000002c   Code   RO         3192    i.NRF24_ACTIVATE_cmd  my_nrf24.o
    0x08002ab0   0x08002ab0   0x0000001c   Code   RO         3193    i.NRF24_DelayMicroSeconds  my_nrf24.o
    0x08002acc   0x08002acc   0x00000030   Code   RO         3196    i.NRF24_availablePipe  my_nrf24.o
    0x08002afc   0x08002afc   0x00000188   Code   RO         3197    i.NRF24_begin       my_nrf24.o
    0x08002c84   0x08002c84   0x00000014   Code   RO         3198    i.NRF24_ce          my_nrf24.o
    0x08002c98   0x08002c98   0x00000014   Code   RO         3199    i.NRF24_csn         my_nrf24.o
    0x08002cac   0x08002cac   0x00000028   Code   RO         3201    i.NRF24_disableDynamicPayloads  my_nrf24.o
    0x08002cd4   0x08002cd4   0x00000042   Code   RO         3202    i.NRF24_enableAckPayload  my_nrf24.o
    0x08002d16   0x08002d16   0x00000002   PAD
    0x08002d18   0x08002d18   0x0000004c   Code   RO         3203    i.NRF24_enableDynamicPayloads  my_nrf24.o
    0x08002d64   0x08002d64   0x00000008   Code   RO         3204    i.NRF24_flush_rx    my_nrf24.o
    0x08002d6c   0x08002d6c   0x00000008   Code   RO         3205    i.NRF24_flush_tx    my_nrf24.o
    0x08002d74   0x08002d74   0x00000006   Code   RO         3208    i.NRF24_getDynamicPayloadSize  my_nrf24.o
    0x08002d7a   0x08002d7a   0x00000006   Code   RO         3211    i.NRF24_get_status  my_nrf24.o
    0x08002d80   0x08002d80   0x0000002c   Code   RO         3215    i.NRF24_openWritingPipe  my_nrf24.o
    0x08002dac   0x08002dac   0x00000016   Code   RO         3216    i.NRF24_powerDown   my_nrf24.o
    0x08002dc2   0x08002dc2   0x00000002   PAD
    0x08002dc4   0x08002dc4   0x00000040   Code   RO         3220    i.NRF24_read_register  my_nrf24.o
    0x08002e04   0x08002e04   0x0000003c   Code   RO         3221    i.NRF24_read_registerN  my_nrf24.o
    0x08002e40   0x08002e40   0x00000008   Code   RO         3222    i.NRF24_resetStatus  my_nrf24.o
    0x08002e48   0x08002e48   0x0000000e   Code   RO         3223    i.NRF24_setAutoAck  my_nrf24.o
    0x08002e56   0x08002e56   0x00000028   Code   RO         3225    i.NRF24_setCRCLength  my_nrf24.o
    0x08002e7e   0x08002e7e   0x0000000e   Code   RO         3226    i.NRF24_setChannel  my_nrf24.o
    0x08002e8c   0x08002e8c   0x0000005c   Code   RO         3227    i.NRF24_setDataRate  my_nrf24.o
    0x08002ee8   0x08002ee8   0x0000003c   Code   RO         3228    i.NRF24_setPALevel  my_nrf24.o
    0x08002f24   0x08002f24   0x00000010   Code   RO         3229    i.NRF24_setPayloadSize  my_nrf24.o
    0x08002f34   0x08002f34   0x0000000e   Code   RO         3230    i.NRF24_setRetries  my_nrf24.o
    0x08002f42   0x08002f42   0x0000004a   Code   RO         3232    i.NRF24_startWrite  my_nrf24.o
    0x08002f8c   0x08002f8c   0x00000014   Code   RO         3233    i.NRF24_stopListening  my_nrf24.o
    0x08002fa0   0x08002fa0   0x00000032   Code   RO         3236    i.NRF24_whatHappened  my_nrf24.o
    0x08002fd2   0x08002fd2   0x00000002   PAD
    0x08002fd4   0x08002fd4   0x00000064   Code   RO         3237    i.NRF24_write       my_nrf24.o
    0x08003038   0x08003038   0x00000038   Code   RO         3239    i.NRF24_write_payload  my_nrf24.o
    0x08003070   0x08003070   0x00000030   Code   RO         3240    i.NRF24_write_register  my_nrf24.o
    0x080030a0   0x080030a0   0x0000003c   Code   RO         3241    i.NRF24_write_registerN  my_nrf24.o
    0x080030dc   0x080030dc   0x00000002   Code   RO          242    i.PendSV_Handler    stm32f1xx_it.o
    0x080030de   0x080030de   0x00000002   PAD
    0x080030e0   0x080030e0   0x0000025c   Code   RO           23    i.Read_mpu_all      main.o
    0x0800333c   0x0800333c   0x0000005c   Code   RO         1907    i.SPI_EndRxTransaction  stm32f1xx_hal_spi.o
    0x08003398   0x08003398   0x00000020   Code   RO         1908    i.SPI_EndRxTxTransaction  stm32f1xx_hal_spi.o
    0x080033b8   0x080033b8   0x000000b8   Code   RO         1913    i.SPI_WaitFlagStateUntilTimeout  stm32f1xx_hal_spi.o
    0x08003470   0x08003470   0x00000002   Code   RO          243    i.SVC_Handler       stm32f1xx_it.o
    0x08003472   0x08003472   0x00000004   Code   RO          244    i.SysTick_Handler   stm32f1xx_it.o
    0x08003476   0x08003476   0x0000005e   Code   RO           24    i.SystemClock_Config  main.o
    0x080034d4   0x080034d4   0x00000002   Code   RO         3155    i.SystemInit        system_stm32f1xx.o
    0x080034d6   0x080034d6   0x00000002   PAD
    0x080034d8   0x080034d8   0x0000000c   Code   RO          245    i.TIM2_IRQHandler   stm32f1xx_it.o
    0x080034e4   0x080034e4   0x0000000c   Code   RO          246    i.TIM3_IRQHandler   stm32f1xx_it.o
    0x080034f0   0x080034f0   0x0000000c   Code   RO          247    i.TIM4_IRQHandler   stm32f1xx_it.o
    0x080034fc   0x080034fc   0x0000006c   Code   RO         2276    i.TIM_Base_SetConfig  stm32f1xx_hal_tim.o
    0x08003568   0x08003568   0x0000001a   Code   RO         2277    i.TIM_CCxChannelCmd  stm32f1xx_hal_tim.o
    0x08003582   0x08003582   0x00000002   PAD
    0x08003584   0x08003584   0x00000050   Code   RO         2289    i.TIM_OC1_SetConfig  stm32f1xx_hal_tim.o
    0x080035d4   0x080035d4   0x00000058   Code   RO         2290    i.TIM_OC2_SetConfig  stm32f1xx_hal_tim.o
    0x0800362c   0x0800362c   0x00000058   Code   RO         2291    i.TIM_OC3_SetConfig  stm32f1xx_hal_tim.o
    0x08003684   0x08003684   0x00000044   Code   RO         2292    i.TIM_OC4_SetConfig  stm32f1xx_hal_tim.o
    0x080036c8   0x080036c8   0x00000058   Code   RO         2295    i.TIM_TI1_SetConfig  stm32f1xx_hal_tim.o
    0x08003720   0x08003720   0x00000036   Code   RO         2297    i.TIM_TI2_SetConfig  stm32f1xx_hal_tim.o
    0x08003756   0x08003756   0x00000002   Code   RO          248    i.UsageFault_Handler  stm32f1xx_it.o
    0x08003758   0x08003758   0x00000028   Code   RO         3615    i.__ARM_fpclassify  m_ws.l(fpclassify.o)
    0x08003780   0x08003780   0x00000020   Code   RO         1372    i.__NVIC_SetPriority  stm32f1xx_hal_cortex.o
    0x080037a0   0x080037a0   0x000000aa   Code   RO         3617    i.__kernel_poly     m_ws.l(poly.o)
    0x0800384a   0x0800384a   0x00000006   Code   RO         3602    i.__mathlib_dbl_infnan  m_ws.l(dunder.o)
    0x08003850   0x08003850   0x00000010   Code   RO         3607    i.__mathlib_dbl_underflow  m_ws.l(dunder.o)
    0x08003860   0x08003860   0x00000220   Code   RO         3562    i.atan              m_ws.l(atan.o)
    0x08003a80   0x08003a80   0x00000754   Code   RO           25    i.main              main.o
    0x080041d4   0x080041d4   0x00000038   Code   RO           26    i.reset_pid         main.o
    0x0800420c   0x0800420c   0x0000004c   Code   RO         3572    i.sqrt              m_ws.l(sqrt.o)
    0x08004258   0x08004258   0x00000062   Code   RO         3511    x$fpl$d2f           fz_ws.l(d2f.o)
    0x080042ba   0x080042ba   0x00000002   PAD
    0x080042bc   0x080042bc   0x00000150   Code   RO         3513    x$fpl$dadd          fz_ws.l(daddsub_clz.o)
    0x0800440c   0x0800440c   0x00000010   Code   RO         3639    x$fpl$dcheck1       fz_ws.l(dcheck1.o)
    0x0800441c   0x0800441c   0x000002b0   Code   RO         3520    x$fpl$ddiv          fz_ws.l(ddiv.o)
    0x080046cc   0x080046cc   0x0000002e   Code   RO         3524    x$fpl$dflt          fz_ws.l(dflt_clz.o)
    0x080046fa   0x080046fa   0x00000002   PAD
    0x080046fc   0x080046fc   0x00000154   Code   RO         3529    x$fpl$dmul          fz_ws.l(dmul.o)
    0x08004850   0x08004850   0x0000009c   Code   RO         3584    x$fpl$dnaninf       fz_ws.l(dnaninf.o)
    0x080048ec   0x080048ec   0x0000000c   Code   RO         3586    x$fpl$dretinf       fz_ws.l(dretinf.o)
    0x080048f8   0x080048f8   0x00000016   Code   RO         3514    x$fpl$drsb          fz_ws.l(daddsub_clz.o)
    0x0800490e   0x0800490e   0x00000002   PAD
    0x08004910   0x08004910   0x000001cc   Code   RO         3588    x$fpl$dsqrt         fz_ws.l(dsqrt_noumaal.o)
    0x08004adc   0x08004adc   0x000001d4   Code   RO         3515    x$fpl$dsub          fz_ws.l(daddsub_clz.o)
    0x08004cb0   0x08004cb0   0x00000056   Code   RO         3531    x$fpl$f2d           fz_ws.l(f2d.o)
    0x08004d06   0x08004d06   0x00000002   PAD
    0x08004d08   0x08004d08   0x000000c4   Code   RO         3533    x$fpl$fadd          fz_ws.l(faddsub_clz.o)
    0x08004dcc   0x08004dcc   0x0000000c   Code   RO         3590    x$fpl$fcheck1       fz_ws.l(fcheck1.o)
    0x08004dd8   0x08004dd8   0x00000018   Code   RO         3592    x$fpl$fcmpinf       fz_ws.l(fcmpi.o)
    0x08004df0   0x08004df0   0x00000184   Code   RO         3540    x$fpl$fdiv          fz_ws.l(fdiv.o)
    0x08004f74   0x08004f74   0x00000036   Code   RO         3543    x$fpl$ffix          fz_ws.l(ffix.o)
    0x08004faa   0x08004faa   0x00000002   PAD
    0x08004fac   0x08004fac   0x00000030   Code   RO         3548    x$fpl$fflt          fz_ws.l(fflt_clz.o)
    0x08004fdc   0x08004fdc   0x00000026   Code   RO         3547    x$fpl$ffltu         fz_ws.l(fflt_clz.o)
    0x08005002   0x08005002   0x00000002   PAD
    0x08005004   0x08005004   0x00000068   Code   RO         3553    x$fpl$fleqf         fz_ws.l(fleqf.o)
    0x0800506c   0x0800506c   0x00000102   Code   RO         3555    x$fpl$fmul          fz_ws.l(fmul.o)
    0x0800516e   0x0800516e   0x0000008c   Code   RO         3594    x$fpl$fnaninf       fz_ws.l(fnaninf.o)
    0x080051fa   0x080051fa   0x0000000a   Code   RO         3596    x$fpl$fretinf       fz_ws.l(fretinf.o)
    0x08005204   0x08005204   0x00000062   Code   RO         3557    x$fpl$frleqf        fz_ws.l(frleqf.o)
    0x08005266   0x08005266   0x00000014   Code   RO         3534    x$fpl$frsb          fz_ws.l(faddsub_clz.o)
    0x0800527a   0x0800527a   0x00000002   PAD
    0x0800527c   0x0800527c   0x000000ea   Code   RO         3535    x$fpl$fsub          fz_ws.l(faddsub_clz.o)
    0x08005366   0x08005366   0x00000064   Code   RO         3643    x$fpl$retnan        fz_ws.l(retnan.o)
    0x080053ca   0x080053ca   0x0000005c   Code   RO         3598    x$fpl$scalbn        fz_ws.l(scalbn.o)
    0x08005426   0x08005426   0x0000004c   Code   RO         3559    x$fpl$scalbnf       fz_ws.l(scalbnf.o)
    0x08005472   0x08005472   0x00000030   Code   RO         3658    x$fpl$trapveneer    fz_ws.l(trapv.o)
    0x080054a2   0x080054a2   0x00000000   Code   RO         3600    x$fpl$usenofp       fz_ws.l(usenofp.o)
    0x080054a2   0x080054a2   0x00000012   Data   RO         1070    .constdata          stm32f1xx_hal_rcc.o
    0x080054b4   0x080054b4   0x00000010   Data   RO         3156    .constdata          system_stm32f1xx.o
    0x080054c4   0x080054c4   0x00000008   Data   RO         3157    .constdata          system_stm32f1xx.o
    0x080054cc   0x080054cc   0x00000004   PAD
    0x080054d0   0x080054d0   0x00000098   Data   RO         3563    .constdata          m_ws.l(atan.o)
    0x08005568   0x08005568   0x00000020   Data   RO         3784    Region$$Table       anon$$obj.o


    Execution Region RW_IRAM1 (Exec base: 0x20000000, Load base: 0x08005588, Size: 0x00000a38, Max: 0x00005000, ABSOLUTE, COMPRESSED[0x00000030])

    Exec Addr    Load Addr    Size         Type   Attr      Idx    E Section Name        Object

    0x20000000   COMPRESSED   0x00000108   Data   RW           28    .data               main.o
    0x20000108   COMPRESSED   0x0000000c   Data   RW          907    .data               stm32f1xx_hal.o
    0x20000114   COMPRESSED   0x00000004   Data   RW         3158    .data               system_stm32f1xx.o
    0x20000118   COMPRESSED   0x00000018   Data   RW         3244    .data               my_nrf24.o
    0x20000130        -       0x0000024c   Zero   RW           27    .bss                main.o
    0x2000037c        -       0x00000058   Zero   RW         3242    .bss                my_nrf24.o
    0x200003d4        -       0x00000060   Zero   RW         3646    .bss                c_w.l(libspace.o)
    0x20000434   COMPRESSED   0x00000004   PAD
    0x20000438        -       0x00000200   Zero   RW            2    HEAP                startup_stm32f103xb.o
    0x20000638        -       0x00000400   Zero   RW            1    STACK               startup_stm32f103xb.o


==============================================================================

Image component sizes


      Code (inc. data)   RO Data    RW Data    ZI Data      Debug   Object Name

      4254        250          0        264        588     443824   main.o
      1618         90          0         24         88      18224   my_nrf24.o
        64         26        236          0       1536        784   startup_stm32f103xb.o
       164         28          0         12          0       5697   stm32f1xx_hal.o
       198         14          0          0          0      28791   stm32f1xx_hal_cortex.o
       506         34          0          0          0       3397   stm32f1xx_hal_gpio.o
      2810         70          0          0          0      14474   stm32f1xx_hal_i2c.o
       568         74          0          0          0       4123   stm32f1xx_hal_msp.o
      1208         72         18          0          0       4429   stm32f1xx_hal_rcc.o
      1688          4          0          0          0       7982   stm32f1xx_hal_spi.o
      2068         70          0          0          0      15530   stm32f1xx_hal_tim.o
       108         12          0          0          0       2305   stm32f1xx_hal_tim_ex.o
        56         18          0          0          0       4868   stm32f1xx_it.o
         2          0         24          4          0       1043   system_stm32f1xx.o

    ----------------------------------------------------------------------
     15346        762        314        304       2212     555471   Object Totals
         0          0         32          0          0          0   (incl. Generated)
        34          0          4          0          0          0   (incl. Padding)

    ----------------------------------------------------------------------

      Code (inc. data)   RO Data    RW Data    ZI Data      Debug   Library Member Name

        90          0          0          0          0          0   __dczerorl2.o
         8          0          0          0          0         68   __main.o
         0          0          0          0          0          0   __rtentry.o
        12          0          0          0          0          0   __rtentry2.o
         6          0          0          0          0          0   __rtentry4.o
        52          8          0          0          0          0   __scatter.o
        28          0          0          0          0          0   __scatter_zi.o
        22          0          0          0          0        100   _rserrno.o
        18          0          0          0          0         80   exit.o
         6          0          0          0          0        152   heapauxi.o
         0          0          0          0          0          0   indicate_semi.o
         2          0          0          0          0          0   libinit.o
         2          0          0          0          0          0   libinit2.o
         2          0          0          0          0          0   libshutdown.o
         2          0          0          0          0          0   libshutdown2.o
         8          4          0          0         96         68   libspace.o
         8          4          0          0          0         68   rt_errno_addr_intlibspace.o
        78          0          0          0          0         80   rt_memclr_w.o
       100          0          0          0          0         80   rt_memcpy_w.o
         2          0          0          0          0          0   rtexit.o
        10          0          0          0          0          0   rtexit2.o
        12          4          0          0          0         68   sys_exit.o
        74          0          0          0          0         80   sys_stackheap_outer.o
         2          0          0          0          0         68   use_no_semi.o
        98          4          0          0          0         92   d2f.o
       826         16          0          0          0        348   daddsub_clz.o
        16          4          0          0          0         68   dcheck1.o
       688        140          0          0          0        208   ddiv.o
        46          0          0          0          0         68   dflt_clz.o
       340         12          0          0          0        104   dmul.o
       156          4          0          0          0         92   dnaninf.o
        12          0          0          0          0         68   dretinf.o
       460         56          0          0          0        120   dsqrt_noumaal.o
        86          4          0          0          0         84   f2d.o
       450          8          0          0          0        236   faddsub_clz.o
        12          4          0          0          0         68   fcheck1.o
        24          0          0          0          0         68   fcmpi.o
       388         76          0          0          0         96   fdiv.o
        54          4          0          0          0         84   ffix.o
        86          0          0          0          0        136   fflt_clz.o
       104          4          0          0          0         84   fleqf.o
       258          4          0          0          0         84   fmul.o
       140          4          0          0          0         84   fnaninf.o
        10          0          0          0          0         68   fretinf.o
        98          0          0          0          0         68   frleqf.o
       100          0          0          0          0         68   retnan.o
        92          0          0          0          0         68   scalbn.o
        76          0          0          0          0         68   scalbnf.o
        48          0          0          0          0         68   trapv.o
         0          0          0          0          0          0   usenofp.o
       544         70        152          0          0        124   atan.o
        22          6          0          0          0        136   dunder.o
        40          0          0          0          0         68   fpclassify.o
       170          0          0          0          0         96   poly.o
        76          0          0          0          0         84   sqrt.o

    ----------------------------------------------------------------------
      6084        440        152          0        100       4020   Library Totals
        20          0          0          0          4          0   (incl. Padding)

    ----------------------------------------------------------------------

      Code (inc. data)   RO Data    RW Data    ZI Data      Debug   Library Name

       544         20          0          0         96        912   c_w.l
      4668        344          0          0          0       2600   fz_ws.l
       852         76        152          0          0        508   m_ws.l

    ----------------------------------------------------------------------
      6084        440        152          0        100       4020   Library Totals

    ----------------------------------------------------------------------

==============================================================================


      Code (inc. data)   RO Data    RW Data    ZI Data      Debug   

     21430       1202        466        304       2312     551063   Grand Totals
     21430       1202        466         48       2312     551063   ELF Image Totals (compressed)
     21430       1202        466         48          0          0   ROM Totals

==============================================================================

    Total RO  Size (Code + RO Data)                21896 (  21.38kB)
    Total RW  Size (RW Data + ZI Data)              2616 (   2.55kB)
    Total ROM Size (Code + RO Data + RW Data)      21944 (  21.43kB)

==============================================================================

